poo-test: static module initialization completed
poo-test: official expander initialization completed
poo-test: expander import completed :std/test
poo-test: expander import completed :clan/poo/object
poo-test: expander import completed :std/error
poo-test: expander import completed :std/list/list-builder
poo-test: expander import completed :std/list/list
poo-test: expander import completed :std/list/walist
poo-test: expander import completed :std/values
poo-test: expander import completed :std/func
poo-test: expander import completed :clan/poo/support/base
poo-test: expander import completed :clan/poo/support/io
poo-test: expander import completed :clan/poo/support/json
poo-test: expander import completed :clan/poo/support/syntax
poo-test: expander import completed :clan/poo/support/repr
poo-test: expander import completed :clan/poo/brace
poo-test: expander import completed :clan/poo/mop
poo-test: expander import completed :asp-gerbil-scheme/testing-api
poo-test: expander import completed :core/observability/testing-case
poo-test: expander import completed :poo-flow/testing-api
poo-test: expander import completed :poo-flow/modules/temporal-causality/admission/interface
poo-test: expander import completed :poo-flow/modules/temporal-causality/lifecycle/interface
HARNESS ("/private/tmp/poo-pr34-failure-fix/t/temporal-applicability-test.ss" "/private/tmp/poo-pr34-failure-fix/t/temporal-lifecycle-test.ss")
MODULE /private/tmp/poo-pr34-failure-fix/t/temporal-lifecycle-test.ss
SUITE native family proof bound conclusion lifecycle
CASE same classification still gets new proof and predecessor
CASE-OK same classification still gets new proof and predecessor
CASE refutation binds a tombstone without erasing necessary history
CASE-OK refutation binds a tombstone without erasing necessary history
CASE frontier alone and incomplete frontier cannot withdraw
CASE-OK frontier alone and incomplete frontier cannot withdraw
CASE wrong revised cut and nonadvancing generation reject
CASE-OK wrong revised cut and nonadvancing generation reject
CASE independently valid foreign source or query cannot replace a claim
CASE-OK independently valid foreign source or query cannot replace a claim
CASE forged proof and digest cannot enter a journal
CASE-OK forged proof and digest cannot enter a journal
CASE missing predecessor inventory cannot masquerade as complete journal
CASE-OK missing predecessor inventory cannot masquerade as complete journal
SUITE-OK native family proof bound conclusion lifecycle
MODULE-OK /private/tmp/poo-pr34-failure-fix/t/temporal-lifecycle-test.ss
MODULE /private/tmp/poo-pr34-failure-fix/t/temporal-applicability-test.ss
SUITE replayed family proof and current source applicability
CASE current source replays original premises
CASE-OK current source replays original premises
CASE generation policy authority and corrected rows stale history
CASE-OK generation policy authority and corrected rows stale history
CASE foreign logical source cannot establish currentness
CASE-OK foreign logical source cannot establish currentness
CASE forged proof fields and source digest fail replay
CASE-OK forged proof fields and source digest fail replay
SUITE-OK replayed family proof and current source applicability
MODULE-OK /private/tmp/poo-pr34-failure-fix/t/temporal-applicability-test.ss
HARNESS-OK ("/private/tmp/poo-pr34-failure-fix/t/temporal-applicability-test.ss" "/private/tmp/poo-pr34-failure-fix/t/temporal-lifecycle-test.ss")
OK
