mrr-native: runtime initialization started
mrr-native: finite projection initialized
mrr-native: grammar projection initialized
mrr-native: runtime initialization returned
mrr-native: operation started on owner thread
mrr-native: operation returned on owner thread
mrr-native: operation started on owner thread
mrr-native: operation returned on owner thread
mrr-native: operation started on owner thread
mrr-native: operation returned on owner thread
Original GQL compiled with source receipt; source substitution rejected
Exact immutable root and Arrow children restored
Original MRR source query dispatched to Data backend and admitted
mrr-native: operation started on owner thread
mrr-native: operation returned on owner thread
mrr-native: operation started on owner thread
mrr-native: operation returned on owner thread
Independent root, catalog, row, query and wire-budget substitutions rejected
mrr-native: operation started on owner thread
mrr-native: operation returned on owner thread
Physical empty answer is valid MRR transport and rejected by the nonempty Temporal profile
Physical GQL result and original MRR receipt re-admitted by Temporal receiver
NATIVE-PROGRESS artifact-bytes-hashed=1048576
NATIVE-PROGRESS artifact-bytes-hashed=2097152
NATIVE-PROGRESS artifact-bytes-hashed=3145728
NATIVE-PROGRESS artifact-bytes-hashed=4194304
NATIVE-PROGRESS artifact-bytes-hashed=5242880
NATIVE-PROGRESS artifact-bytes-hashed=6291456
NATIVE-PROGRESS artifact-bytes-hashed=7340032
NATIVE-PROGRESS artifact-bytes-hashed=8388608
NATIVE-PROGRESS artifact-bytes-hashed=9437184
NATIVE-PROGRESS artifact-bytes-hashed=10485760
NATIVE-PROGRESS artifact-bytes-hashed=11534336
NATIVE-PROGRESS artifact-bytes-hashed=12582912
NATIVE-PROGRESS artifact-bytes-hashed=13631488
NATIVE-PROGRESS artifact-bytes-hashed=14680064
NATIVE-PROGRESS artifact-bytes-hashed=15728640
NATIVE-PROGRESS artifact-bytes-hashed=16777216
NATIVE-PROGRESS artifact-bytes-hashed=17825792
NATIVE-PROGRESS artifact-bytes-hashed=18874368
NATIVE-PROGRESS artifact-bytes-hashed=19922944
NATIVE-PROGRESS artifact-bytes-hashed=20971520
NATIVE-PROGRESS artifact-digest-verified
NATIVE-PROGRESS native-library-loaded
NATIVE-PROGRESS native-owner-opened
NATIVE-PROGRESS native-call-returned=temporal.family.classify
NATIVE-PROGRESS source-registration-returned
NATIVE-PROGRESS native-call-returned=temporal.family.admit
NATIVE-PROGRESS native-call-returned=temporal.family.current
Original physical receipt admitted against registered source state
mrr-native: operation started on owner thread
mrr-native: operation returned on owner thread
NATIVE-PROGRESS source-registration-returned
NATIVE-PROGRESS native-call-returned=temporal.family.current
NATIVE-PROGRESS native-call-returned=temporal.family.admit
NATIVE-PROGRESS native-call-returned=temporal.family.admit
NATIVE-PROGRESS native-call-returned=temporal.family.current
NATIVE-PROGRESS source-registration-returned
PHYSICAL-CORRECTION -> MRR-REQUERY -> HISTORICAL-STALE -> NATIVE-READMISSION OK
GQL -> PHYSICAL ROOT -> ORIGINAL MRR SCHEME V2 -> NATIVE TEMPORAL OK
