IMPORT :clan/poo/object
IMPORT-OK :clan/poo/object
IMPORT :clan/poo/mop
IMPORT-OK :clan/poo/mop
IMPORT :core/types
IMPORT-OK :core/types
IMPORT :core/module-system/schema/slot-contracts
IMPORT-OK :core/module-system/schema/slot-contracts
IMPORT :poo-flow/src/utilities/product-syntax
IMPORT-OK :poo-flow/src/utilities/product-syntax
IMPORT :poo-flow/src/utilities/final-projection-syntax
IMPORT-OK :poo-flow/src/utilities/final-projection-syntax
IMPORT :poo-flow/src/graph/types-core
IMPORT-OK :poo-flow/src/graph/types-core
IMPORT :poo-flow/src/graph/types-contracts
IMPORT-OK :poo-flow/src/graph/types-contracts
IMPORT :poo-flow/src/graph/types
IMPORT-OK :poo-flow/src/graph/types
IMPORT :poo-flow/modules/temporal-causality/types
IMPORT-OK :poo-flow/modules/temporal-causality/types
IMPORT :poo-flow/modules/temporal-causality/objects
IMPORT-OK :poo-flow/modules/temporal-causality/objects
IMPORT :poo-flow/modules/temporal-causality/funs
IMPORT-OK :poo-flow/modules/temporal-causality/funs
IMPORT :poo-flow/modules/temporal-causality/time/types
IMPORT-OK :poo-flow/modules/temporal-causality/time/types
IMPORT :poo-flow/modules/temporal-causality/time/objects
IMPORT-OK :poo-flow/modules/temporal-causality/time/objects
IMPORT :poo-flow/modules/temporal-causality/time/uncertainty-types
IMPORT-OK :poo-flow/modules/temporal-causality/time/uncertainty-types
IMPORT :poo-flow/modules/temporal-causality/time/uncertainty-objects
IMPORT-OK :poo-flow/modules/temporal-causality/time/uncertainty-objects
IMPORT :poo-flow/modules/temporal-causality/time/uncertainty-funs
IMPORT-OK :poo-flow/modules/temporal-causality/time/uncertainty-funs
IMPORT :gerbil-ascent/table/expression
IMPORT-OK :gerbil-ascent/table/expression
IMPORT :gerbil-ascent/table/funs
IMPORT-OK :gerbil-ascent/table/funs
IMPORT :gerbil-ascent/table/eqrel
IMPORT-OK :gerbil-ascent/table/eqrel
IMPORT :gerbil-ascent/table/trrel
IMPORT-OK :gerbil-ascent/table/trrel
IMPORT :gerbil-ascent/table/provider
IMPORT-OK :gerbil-ascent/table/provider
IMPORT :gerbil-ascent/table/storage
IMPORT-OK :gerbil-ascent/table/storage
IMPORT :gerbil-ascent/table/interface
IMPORT-OK :gerbil-ascent/table/interface
IMPORT :gerbil-ascent/program/types
IMPORT-OK :gerbil-ascent/program/types
IMPORT :gerbil-ascent/program/objects
IMPORT-OK :gerbil-ascent/program/objects
IMPORT :gerbil-ascent/program/aggregators
IMPORT-OK :gerbil-ascent/program/aggregators
IMPORT :gerbil-ascent/program/syntax
IMPORT-OK :gerbil-ascent/program/syntax
IMPORT :gerbil-ascent/program/planning
IMPORT-OK :gerbil-ascent/program/planning
IMPORT :gerbil-ascent/program/scheme-checked
IMPORT-OK :gerbil-ascent/program/scheme-checked
IMPORT :gerbil-ascent/program/scheme-admission
IMPORT-OK :gerbil-ascent/program/scheme-admission
IMPORT :gerbil-ascent/program/scheme-language
IMPORT-OK :gerbil-ascent/program/scheme-language
IMPORT :gerbil-ascent/program/operator
IMPORT-OK :gerbil-ascent/program/operator
IMPORT :gerbil-ascent/program/operator-change
IMPORT-OK :gerbil-ascent/program/operator-change
IMPORT :gerbil-ascent/program/operator-session
IMPORT-OK :gerbil-ascent/program/operator-session
IMPORT :gerbil-ascent/program/funs
IMPORT-OK :gerbil-ascent/program/funs
IMPORT :gerbil-ascent/program/analysis
IMPORT-OK :gerbil-ascent/program/analysis
IMPORT :gerbil-ascent/program/summary
IMPORT-OK :gerbil-ascent/program/summary
IMPORT :gerbil-ascent/program/evaluate
IMPORT-OK :gerbil-ascent/program/evaluate
IMPORT :gerbil-ascent/program/session
IMPORT-OK :gerbil-ascent/program/session
IMPORT :gerbil-ascent/program/interface
IMPORT-OK :gerbil-ascent/program/interface
IMPORT :gerbil-ascent/core/binary-program
IMPORT-OK :gerbil-ascent/core/binary-program
IMPORT :gerbil-ascent/candidate/closure
IMPORT-OK :gerbil-ascent/candidate/closure
IMPORT :gerbil-ascent/candidate/types
IMPORT-OK :gerbil-ascent/candidate/types
IMPORT :gerbil-ascent/candidate/program
IMPORT-OK :gerbil-ascent/candidate/program
IMPORT :gerbil-ascent/candidate/funs
IMPORT-OK :gerbil-ascent/candidate/funs
IMPORT :gerbil-ascent/candidate/provenance
IMPORT-OK :gerbil-ascent/candidate/provenance
IMPORT :gerbil-ascent/candidate/nonmembership
IMPORT-OK :gerbil-ascent/candidate/nonmembership
IMPORT :gerbil-ascent/candidate/finite-evidence
IMPORT-OK :gerbil-ascent/candidate/finite-evidence
IMPORT :gerbil-ascent/candidate/stratified-proof
IMPORT-OK :gerbil-ascent/candidate/stratified-proof
IMPORT :gerbil-ascent/candidate/stratified-producer
IMPORT-OK :gerbil-ascent/candidate/stratified-producer
IMPORT :gerbil-ascent/candidate/reasoning
IMPORT-OK :gerbil-ascent/candidate/reasoning
IMPORT :gerbil-ascent/temporal/lens
IMPORT-OK :gerbil-ascent/temporal/lens
IMPORT :gerbil-ascent/interface/request
IMPORT-OK :gerbil-ascent/interface/request
IMPORT :poo-flow/modules/temporal-causality/ascent-exchange
IMPORT-OK :poo-flow/modules/temporal-causality/ascent-exchange
IMPORT :gerbil/tools/gxtest
IMPORT-OK :gerbil/tools/gxtest
HARNESS ("t/ascent-temporal-lens-test.ss")
MODULE t/ascent-temporal-lens-test.ss
SUITE pinned ASCENT temporal value consumer
CASE POO values keep native evidence separate from cut authority
CASE-OK POO values keep native evidence separate from cut authority
CASE explicit cut bridge preserves uncertainty and original identity binding
CASE-OK explicit cut bridge preserves uncertainty and original identity binding
SUITE-OK pinned ASCENT temporal value consumer
MODULE-OK t/ascent-temporal-lens-test.ss
HARNESS-OK ("t/ascent-temporal-lens-test.ss")
OK
*** WARNING module std/net/request is DEPRECATED and will be removed in the future
