   Compiling mrr-identity v0.1.0 (https://github.com/tao3k/meta-relational-reasoning.git?rev=a7450879af27d08ec1cafd1b43e9375d5ac6af52#a7450879)
   Compiling mrr-gerbil-native-build v0.1.0 (https://github.com/tao3k/meta-relational-reasoning.git?rev=a7450879af27d08ec1cafd1b43e9375d5ac6af52#a7450879)
   Compiling mrr-data-profile v0.1.0 (https://github.com/tao3k/mrr-data.git?rev=95894330a8d9a7ece7544e2195f3f5a48c097af4#95894330)
   Compiling poo-temporal-physical-roundtrip v0.1.0 (/private/tmp/poo-pr34-failure-fix/bindings/rust-runtime/qualification/physical-roundtrip)
   Compiling mrr-gerbil v0.1.0 (https://github.com/tao3k/meta-relational-reasoning.git?rev=a7450879af27d08ec1cafd1b43e9375d5ac6af52#a7450879)
   Compiling mrr-relation v0.1.0 (https://github.com/tao3k/meta-relational-reasoning.git?rev=a7450879af27d08ec1cafd1b43e9375d5ac6af52#a7450879)
   Compiling mrr-intent v0.1.0 (https://github.com/tao3k/meta-relational-reasoning.git?rev=a7450879af27d08ec1cafd1b43e9375d5ac6af52#a7450879)
   Compiling mrr-revision v0.1.0 (https://github.com/tao3k/meta-relational-reasoning.git?rev=a7450879af27d08ec1cafd1b43e9375d5ac6af52#a7450879)
   Compiling mrr-query v0.1.0 (https://github.com/tao3k/meta-relational-reasoning.git?rev=a7450879af27d08ec1cafd1b43e9375d5ac6af52#a7450879)
   Compiling mrr-transition v0.1.0 (https://github.com/tao3k/meta-relational-reasoning.git?rev=a7450879af27d08ec1cafd1b43e9375d5ac6af52#a7450879)
   Compiling mrr-lineage v0.1.0 (https://github.com/tao3k/meta-relational-reasoning.git?rev=a7450879af27d08ec1cafd1b43e9375d5ac6af52#a7450879)
   Compiling mrr-search v0.1.0 (https://github.com/tao3k/meta-relational-reasoning.git?rev=a7450879af27d08ec1cafd1b43e9375d5ac6af52#a7450879)
   Compiling mrr-logic v0.1.0 (https://github.com/tao3k/meta-relational-reasoning.git?rev=a7450879af27d08ec1cafd1b43e9375d5ac6af52#a7450879)
   Compiling mrr-bundle v0.1.0 (https://github.com/tao3k/meta-relational-reasoning.git?rev=a7450879af27d08ec1cafd1b43e9375d5ac6af52#a7450879)
   Compiling mrr-ascent v0.1.0 (https://github.com/tao3k/meta-relational-reasoning.git?rev=a7450879af27d08ec1cafd1b43e9375d5ac6af52#a7450879)
   Compiling meta-relational-reasoning v0.1.0 (https://github.com/tao3k/meta-relational-reasoning.git?rev=a7450879af27d08ec1cafd1b43e9375d5ac6af52#a7450879)
   Compiling mrr-data-core v0.1.0 (https://github.com/tao3k/mrr-data.git?rev=95894330a8d9a7ece7544e2195f3f5a48c097af4#95894330)
   Compiling poo-flow-rust-runtime v0.1.0 (/private/tmp/poo-pr34-failure-fix/bindings/rust-runtime)
   Compiling mrr-data-content v0.1.0 (https://github.com/tao3k/mrr-data.git?rev=95894330a8d9a7ece7544e2195f3f5a48c097af4#95894330)
   Compiling mrr-data-datafusion v0.1.0 (https://github.com/tao3k/mrr-data.git?rev=95894330a8d9a7ece7544e2195f3f5a48c097af4#95894330)
   Compiling mrr-frontends v0.1.0 (https://github.com/tao3k/meta-relational-reasoning.git?rev=a7450879af27d08ec1cafd1b43e9375d5ac6af52#a7450879)
   Compiling mrr-property-source v0.1.0 (https://github.com/tao3k/meta-relational-reasoning.git?rev=a7450879af27d08ec1cafd1b43e9375d5ac6af52#a7450879)
    Finished `dev` profile [optimized] target(s) in 2m 33s
