... fetching github.com/tao3k/poo-flow
... checking out 2b8006de38e91e6316bbfe0dcc81eb57ab3618a4
... pulling
... fetching github.com/tao3k/gerbil-poo
... checking out 099b381588360a8a49fd772f666a1a00351366f5
... pulling
... build github.com/tao3k/gerbil-poo
... fetching github.com/tao3k/asp-gerbil-scheme
... checking out v0.1.2.2
... fetching github.com/tao3k/gerbil-poo
... checking out 099b381588360a8a49fd772f666a1a00351366f5
... pulling
... build github.com/tao3k/asp-gerbil-scheme
... fetching github.com/tao3k/gerbil-parser
... checking out a3fe7846a7b1c544897d6537142e5e203d4b05d3
... pulling
... fetching github.com/tao3k/poo-flow-core
... checking out e85fd45303b208b23e5957fd316e7004994109a4
... pulling
... fetching github.com/tao3k/gerbil-poo
... checking out 099b381588360a8a49fd772f666a1a00351366f5
... pulling
... build github.com/tao3k/poo-flow-core
... fetching github.com/tao3k/asp-gerbil-scheme
... checking out v0.1.2.2
... fetching github.com/tao3k/gerbil-poo
... checking out 099b381588360a8a49fd772f... compile modules/nono-sandbox/_nono
... compile src/utilities/product-syntax.ss
... compile src/core/object-syntax.ss
... compile src/core/roles.ss
... execute compile job (compile-file /private/tmp/mrr-clean-graph-sdk/lib/poo-flow/modules/nono-sandbox/_nono~0.scm)
... execute compile job (compile-file /private/tmp/mrr-clean-graph-sdk/lib/poo-flow/modules/nono-sandbox/_nono.scm)
... compile src/core/funcs.ss
... execute compile job (compile-file /private/tmp/mrr-clean-graph-sdk/lib/poo-flow/src/utilities/product-syntax~0.scm)
... execute compile job (compile-file /private/tmp/mrr-clean-graph-sdk/lib/poo-flow/src/utilities/product-syntax.scm)
... compile src/core/agent-harness-vocabulary.ss
... compile src/utilities/functional.ss
... compile src/user-interface/selection-flags.ss
... compile src/authoring/semantic-module.ss
... compile src/testing/testing-extension.ss
... compile src/building/build-projection.ss
... compile src/proof/composition-facts.ss
... execute compile job (compile-file /private/tmp/mrr-clean-graph-sdk/lib/poo-flow/src/core/object-syntax.scm)
... execute compile job (compile-file /private/tmp/mrr-clean-graph-sdk/lib/poo-flow/src/core/roles~0.scm)
... execute compile job (compile-file /private/tmp/mrr-clean-graph-sdk/lib/poo-flow/src/core/roles.scm)
... execute compile job (compile-file /private/tmp/mrr-clean-graph-sdk/lib/poo-flow/src/utilities/product-syntax~1.scm)
... execute compile job (compile-file /private/tmp/mrr-clean-graph-sdk/lib/poo-flow/src/core/object-syntax~1.scm)
... execute compile job (compile-file /private/tmp/mrr-clean-graph-sdk/lib/poo-flow/src/core/funcs~0.scm)
... execute compile job (compile-file /private/tmp/mrr-clean-graph-sdk/lib/poo-flow/src/core/funcs.scm)
... compile src/scenario/accessors.ss
... compile src/scenario/workload.ss
... compile src/contract/json-schema-ir.ss
... compile src/contract/functional.ss
... compile src/type-facts/objects.ss
... compile modules/agent-sandbox/projection-syntax.ss
... compile modules/workflow/flows-alignment-specs.ss
... compile modules/workflow/cicd-projection-syntax.ss
... compile modules/workflow/types.ss
... compile modules/sandbox-core/profile-support/projection-syntax.ss
... compile modules/sandbox-core/profile-support/policy-core.ss
... execute compile job (compile-file /private/tmp/mrr-clean-graph-sdk/lib/poo-flow/src/core/funcs~1.scm)
... compile modules/agent-sandbox/profile-native-contract.ss
... execute compile job (compile-file /private/tmp/mrr-clean-graph-sdk/lib/poo-flow/src/core/agent-harness-vocabulary~0.scm)
... compile modules/workflow/cicd-funs.ss
... compile modules/authorization/config.ss
... execute compile job (compile-file /private/tmp/mrr-clean-graph-sdk/lib/poo-flow/src/core/agent-harness-vocabulary.scm)
... compile modules/authorization/types.ss
... compile src/policy/authorized-effect-token.ss
... execute compile job (compile-file /private/tmp/mrr-clean-graph-sdk/lib/poo-flow/src/utilities/functional~0.scm)
... compile modules/authorization/providers/cedar/objects.ss
... compile modules/governance/types.ss
... execute compile job (compile-file /private/tmp/mrr-clean-graph-sdk/lib/poo-flow/src/utilities/functional.scm)
... compile modules/governance/config.ss
... compile modules/proof/types.ss
... execute compile job (compile-file /private/tmp/mrr-clean-graph-sdk/lib/poo-flow/src/user-interface/selection-flags~0.scm)
... execute compile job (compile-file /private/tmp/mrr-clean-graph-sdk/lib/poo-flow/src/user-interface/selection-flags.scm)
... compile src/semantic/orgize-interface.ss
... compile modules/query/results/types.ss
... compile modules/query/types.ss
... execute compile job (compile-file /private/tmp/mrr-clean-graph-sdk/lib/poo-flow/src/authoring/semantic-module~0.scm)
... compile modules/search/config.ss
... execute compile job (compile-file /private/tmp/mrr-clean-graph-sdk/lib/poo-flow/src/authoring/semantic-module.scm)
... execute compile job (compile-file /private/tmp/mrr-clean-graph-sdk/lib/poo-flow/src/testing/testing-extension~0.scm)
... execute compile job (compile-file /private/tmp/mrr-clean-graph-sdk/lib/poo-flow/src/testing/testing-extension.scm)
... compile modules/temporal-causality/conclusions/types.ss
... compile modules/temporal-causality/truth-maintenance/types.ss
... compile modules/temporal-causality/candidates/types.ss
... compile modules/temporal-causality/evidence/types.ss
... compile modules/temporal-causality/impact/types.ss
... compile modules/temporal-causality/time/types.ss
... compile modules/temporal-causality/config.ss
... compile modules/search/types.ss
... compile modules/query/rust-ir.ss
... compile modules/tla-plus/checked-source-types.ss
... compile src/core/projection-syntax.ss
... compile src/utilities/final-projection-syntax.ss
... execute compile job (compile-file /private/tmp/mrr-clean-graph-sdk/lib/poo-flow/src/building/build-projection~0.scm)
... execute compile job (compile-file /private/tmp/mrr-clean-graph-sdk/lib/poo-flow/src/building/build-projection.scm)
... execute compile job (compile-file /private/tmp/mrr-clean-graph-sdk/lib/poo-flow/src/proof/composition-facts~0.scm)
... execute compile job (compile-file /private/tmp/mrr-clean-graph-sdk/lib/poo-flow/src/proof/composition-facts.scm)
... compile src/feature-system/capability-model.ss
... compile src/authoring/import-policy.ss
... execute compile job (compile-file /private/tmp/mrr-clean-graph-sdk/lib/poo-flow/src/scenario/accessors~0.scm)
... compile modules/agent-sandbox/alist.ss
... compile modules/standards/types.ss
... execute compile job (compile-file /private/tmp/mrr-clean-graph-sdk/lib/poo-flow/src/scenario/accessors.scm)
... execute compile job (compile-file /private/tmp/mrr-clean-graph-sdk/lib/poo-flow/src/scenario/workload~0.scm)
... execute compile job (compile-file /private/tmp/mrr-clean-graph-sdk/lib/poo-flow/src/scenario/workload.scm)
... execute compile job (compile-file /private/tmp/mrr-clean-graph-sdk/lib/poo-flow/src/contract/json-schema-ir~0.scm)
... compile src/feature-system/model.ss
... compile src/feature-system/bundle-v1-lowering-model.ss
... compile src/feature-system/domain-case/contracts.ss
... compile src/authoring/module-interface.ss
... execute compile job (compile-file /private/tmp/mrr-clean-graph-sdk/lib/poo-flow/src/contract/json-schema-ir.scm)
... compile modules/funflow/profile-library.ss
... compile src/profiles/human-ai-capability.ss
... compile src/profiles/agentic-research.ss
... compile src/contract/json-schema-constraints.ss
... compile src/contract/json-schema-validation-core.ss
... compile src/contract/json-schema-normalize-core.ss
... compile modules/agent-sandbox/resource.ss
... execute compile job (compile-file /private/tmp/mrr-clean-graph-sdk/lib/poo-flow/src/contract/functional~0.scm)
... compile modules/workflow/flows-alignment-report.ss
... execute compile job (compile-file /private/tmp/mrr-clean-graph-sdk/lib/poo-flow/src/contract/functional.scm)
... compile modules/sandbox-core/profile-support/policy-backend-capability.ss
... compile modules/authorization/funs.ss
... compile modules/authorization/objects.ss
... compile modules/authorization/providers/cedar/decision.ss
... execute compile job (compile-file /private/tmp/mrr-clean-graph-sdk/lib/poo-flow/src/contract/json-schema-ir~1.scm)
... execute compile job (compile-file /private/tmp/mrr-clean-graph-sdk/lib/poo-flow/src/type-facts/objects~0.scm)
... compile modules/governance/objects.ss
... compile modules/proof/funs.ss
... compile modules/proof/objects.ss
... compile modules/query/results/objects.ss
... execute compile job (compile-file /private/tmp/mrr-clean-graph-sdk/lib/poo-flow/src/type-facts/objects.scm)
... execute compile job (compile-file /private/tmp/mrr-clean-graph-sdk/lib/poo-flow/modules/agent-sandbox/projection-syntax~0.scm)
... compile modules/query/objects.ss
... compile modules/query/funs.ss
... compile modules/temporal-causality/conclusions/objects.ss
... compile modules/temporal-causality/truth-maintenance/objects.ss
... execute compile job (compile-file /private/tmp/mrr-clean-graph-sdk/lib/poo-flow/modules/agent-sandbox/projection-syntax.scm)
... compile modules/temporal-causality/candidates/objects.ss
... compile modules/temporal-causality/evidence/objects.ss
... compile modules/temporal-causality/impact/refresh-types.ss
... compile modules/temporal-causality/impact/objects.ss
... execute compile job (compile-file /private/tmp/mrr-clean-graph-sdk/lib/poo-flow/src/type-facts/objects~1.scm)
... execute compile job (compile-file /private/tmp/mrr-clean-graph-sdk/lib/poo-flow/modules/workflow/flows-alignment-specs~0.scm)
... compile modules/temporal-causality/trajectory/types.ss
... compile modules/temporal-causality/revisions/types.ss
... compile modules/temporal-causality/time/funs.ss
... compile modules/temporal-causality/time/uncertainty-types.ss
... compile modules/temporal-causality/time/objects.ss
... compile modules/temporal-causality/impact/scope-types.ss
... compile modules/search/objects.ss
... execute compile job (compile-file /private/tmp/mrr-clean-graph-sdk/lib/poo-flow/modules/agent-sandbox/projection-syntax~1.scm)
... compile modules/tla-plus/checked-source-objects.ss
... execute compile job (compile-file /private/tmp/mrr-clean-graph-sdk/lib/poo-flow/modules/workflow/flows-alignment-specs.scm)
... compile src/core/runtime-protocol.ss
... compile src/core/failure.ss
... compile src/core/receipt.ss
... execute compile job (compile-file /private/tmp/mrr-clean-graph-sdk/lib/poo-flow/modules/workflow/cicd-projection-syntax~0.scm)
... compile src/graph/types-core.ss
... execute compile job (compile-file /private/tmp/mrr-clean-graph-sdk/lib/poo-flow/modules/workflow/cicd-projection-syntax.scm)
... execute compile job (compile-file /private/tmp/mrr-clean-graph-sdk/lib/poo-flow/modules/workflow/cicd-projection-syntax~1.scm)
... compile src/user-interface/module-presentation.ss
... compile modules/memory-core/durable/policy.ss
... compile modules/agent-sandbox/profile-data.ss
... compile modules/standards/objects.ss
... execute compile job (compile-file /private/tmp/mrr-clean-graph-sdk/lib/poo-flow/modules/workflow/types~0.scm)
... compile modules/standards/resolution-objects.ss
... compile modules/standards/contracts.ss
... compile src/feature-system/syntax.ss
... compile src/feature-system/source-lock-feature.ss
... execute compile job (compile-file /private/tmp/mrr-clean-graph-sdk/lib/poo-flow/modules/workflow/types.scm)
... execute compile job (compile-file /private/tmp/mrr-clean-graph-sdk/lib/poo-flow/modules/sandbox-core/profile-support/projection-syntax~0.scm)
... execute compile job (compile-file /private/tmp/mrr-clean-graph-sdk/lib/poo-flow/modules/sandbox-core/profile-support/projection-syntax.scm)
... execute compile job (compile-file /private/tmp/mrr-clean-graph-sdk/lib/poo-flow/modules/sandbox-core/profile-support/policy-core~0.scm)
... compile src/feature-system/resolver.ss
... compile src/feature-system/bundle-v1-lowering.ss
... execute compile job (compile-file /private/tmp/mrr-clean-graph-sdk/lib/poo-flow/modules/sandbox-core/profile-support/policy-core.scm)
... compile src/feature-system/domain-case/interface.ss
... compile src/authoring/module-imports.ss
... execute compile job (compile-file /private/tmp/mrr-clean-graph-sdk/lib/poo-flow/modules/sandbox-core/profile-support/projection-syntax~1.scm)
... execute compile job (compile-file /private/tmp/mrr-clean-graph-sdk/lib/poo-flow/modules/agent-sandbox/profile-native-contract~0.scm)
... execute compile job (compile-file /private/tmp/mrr-clean-graph-sdk/lib/poo-flow/modules/agent-sandbox/profile-native-contract.scm)
... compile src/user-interface/module-value-catalog.ss
... compile src/contract/json-schema-emit-runtime.ss
... compile src/contract/json-schema-normalize-resolve.ss
... compile src/contract/json-schema-normalize-parse.ss
... execute compile job (compile-file /private/tmp/mrr-clean-graph-sdk/lib/poo-flow/modules/sandbox-core/profile-support/policy-core~1.scm)
... execute compile job (compile-file /private/tmp/mrr-clean-graph-sdk/lib/poo-flow/modules/workflow/cicd-funs~0.scm)
... compile modules/sandbox-core/profile-support/policy-backend-validation.ss
... compile modules/authorization/providers/cedar/config.ss
... compile modules/authorization/contracts.ss
... execute compile job (compile-file /private/tmp/mrr-clean-graph-sdk/lib/poo-flow/modules/workflow/cicd-funs.scm)
... compile modules/proof/config.ss
... execute compile job (compile-file /private/tmp/mrr-clean-graph-sdk/lib/poo-flow/modules/authorization/config.scm)
... compile modules/query/results/funs.ss
... compile modules/query/gql.ss
... compile src/ffi/runtime-v0-native
... compile modules/temporal-causality/conclusions/funs.ss
... execute compile job (compile-file /private/tmp/mrr-clean-graph-sdk/lib/poo-flow/modules/authorization/types~0.scm)
... compile modules/temporal-causality/candidates/funs.ss
... compile modules/temporal-causality/evidence/funs.ss
... compile modules/temporal-causality/impact/refresh-objects.ss
... compile modules/temporal-causality/trajectory/objects.ss
... execute compile job (compile-file /private/tmp/mrr-clean-graph-sdk/lib/poo-flow/modules/authorization/types.scm)
... compile modules/temporal-causality/trajectory/delta-types.ss
... compile modules/temporal-causality/revisions/objects.ss
... compile modules/temporal-causality/time/watermark-types.ss
... execute compile job (compile-file /private/tmp/mrr-clean-graph-sdk/lib/poo-flow/src/policy/authorized-effect-token~0.scm)
... compile modules/temporal-causality/time/uncertainty-objects.ss
... execute compile job (compile-file /private/tmp/mrr-clean-graph-sdk/lib/poo-flow/src/policy/authorized-effect-token.scm)
... execute compile job (compile-file /private/tmp/mrr-clean-graph-sdk/lib/poo-flow/modules/authorization/providers/cedar/objects~0.scm)
... compile modules/temporal-causality/impact/scope-objects.ss
... compile src/core/runtime-command-invocation.ss
... compile src/core/task.ss
... compile src/core/flow-strand.ss
... execute compile job (compile-file /private/tmp/mrr-clean-graph-sdk/lib/poo-flow/modules/authorization/providers/cedar/objects.scm)
... compile src/core/runner-support/receipt.ss
... compile src/core/agent-harness.ss
... compile src/graph/algorithms-list-support.ss
... compile src/graph/types-contracts.ss
... execute compile job (compile-file /private/tmp/mrr-clean-graph-sdk/lib/poo-flow/modules/governance/types~0.scm)
... execute compile job (compile-file /private/tmp/mrr-clean-graph-sdk/lib/poo-flow/modules/governance/types.scm)
... compile modules/temporal-causality/types.ss
... compile src/authoring/module-source-observation.ss
... compile src/testing/source-admission.ss
... compile src/authoring/module-source-admission.ss
... execute compile job (compile-file /private/tmp/mrr-clean-graph-sdk/lib/poo-flow/modules/governance/config.scm)
... compile modules/agent-sandbox/profile-validation.ss
... compile modules/sandbox-core/profile-support/policy-profile-core.ss
... compile modules/workflow/objects.ss
... compile modules/standards/loader.ss
... execute compile job (compile-file /private/tmp/mrr-clean-graph-sdk/lib/poo-flow/modules/proof/types~0.scm)
... execute compile job (compile-file /private/tmp/mrr-clean-graph-sdk/lib/poo-flow/modules/proof/types.scm)
... compile modules/standards/funs.ss
... compile src/feature-system/feature-manifest.ss
... compile src/feature-system/bundle-v1-foreign-arena.ss
... compile src/user-interface/module-selection.ss
... execute compile job (compile-file /private/tmp/mrr-clean-graph-sdk/lib/poo-flow/src/semantic/orgize-interface.scm)
... execute compile job (compile-file /private/tmp/mrr-clean-graph-sdk/lib/poo-flow/modules/query/results/types~0.scm)
... compile src/contract/json-schema-emit-contracts.ss
... execute compile job (compile-file /private/tmp/mrr-clean-graph-sdk/lib/poo-flow/modules/query/results/types.scm)
... compile src/contract/json-schema-normalize.ss
... compile modules/authorization/interface.ss
... compile modules/authorization/providers/cedar/contracts.ss
... compile modules/proof/interface.ss
... execute compile job (compile-file /private/tmp/mrr-clean-graph-sdk/lib/poo-flow/modules/query/types~0.scm)
... execute compile job (compile-file /private/tmp/mrr-clean-graph-sdk/lib/poo-flow/modules/query/types.scm)
... compile modules/query/results/interface.ss
... compile modules/query/contracts.ss
... compile modules/temporal-causality/conclusions/interface.ss
... compile modules/temporal-causality/evidence/interface.ss
... compile modules/temporal-causality/trajectory/funs.ss
... compile modules/temporal-causality/trajectory/delta-objects.ss
... compile modules/temporal-causality/revisions/funs.ss
... compile modules/temporal-causality/time/watermark-objects.ss
... execute compile job (compile-file /private/tmp/mrr-clean-graph-sdk/lib/poo-flow/modules/search/config.scm)
... compile modules/temporal-causality/time/uncertainty-funs.ss
... compile src/core/runtime-command-descriptor.ss
... compile src/core/flow-declarations.ss
... compile src/core/runtime-adapter.ss
... execute compile job (compile-file /private/tmp/mrr-clean-graph-sdk/lib/poo-flow/modules/temporal-causality/conclusions/types~0.scm)
... execute compile job (compile-file /private/tmp/mrr-clean-graph-sdk/lib/poo-flow/modules/temporal-causality/conclusions/types.scm)
... execute compile job (compile-file /private/tmp/mrr-clean-graph-sdk/lib/poo-flow/modules/temporal-causality/truth-maintenance/types~0.scm)
... compile src/graph/algorithms.ss
... compile src/graph/types.ss
... compile modules/temporal-causality/objects.ss
... compile modules/tla-plus/types.ss
... compile src/authoring/source-authoring.ss
... compile src/authoring/module-source-collection.ss
... compile modules/agent-sandbox/profile-projection.ss
... compile modules/agent-sandbox/profile-descriptor.ss
... execute compile job (compile-file /private/tmp/mrr-clean-graph-sdk/lib/poo-flow/modules/temporal-causality/truth-maintenance/types.scm)
... compile modules/sandbox-core/profile-support/policy-profile-validation.ss
... compile modules/standards/config.ss
... compile src/feature-system/composition.ss
... compile src/user-interface/profile-core.ss
... execute compile job (compile-file /private/tmp/mrr-clean-graph-sdk/lib/poo-flow/modules/temporal-causality/candidates/types~0.scm)
... execute compile job (compile-file /private/tmp/mrr-clean-graph-sdk/lib/poo-flow/modules/temporal-causality/candidates/types.scm)
... execute compile job (compile-file /private/tmp/mrr-clean-graph-sdk/lib/poo-flow/modules/temporal-causality/evidence/types~0.scm)
... compile src/user-interface/module-selection-syntax.ss
... compile modules/governance/funs.ss
... compile src/user-interface/module-selection-contract.ss
... compile src/contract/json-schema-emit.ss
... execute compile job (compile-file /private/tmp/mrr-clean-graph-sdk/lib/poo-flow/modules/temporal-causality/evidence/types.scm)
... compile modules/authorization/providers/cedar/funs.ss
... compile modules/query/scheme-select.ss
... compile modules/temporal-causality/candidates/gql.ss
... compile modules/temporal-causality/trajectory/delta-funs.ss
... compile modules/temporal-causality/impact/funs.ss
... compile modules/temporal-causality/revisions/interface.ss
... compile modules/temporal-causality/truth-maintenance/funs.ss
... compile modules/temporal-causality/time/watermark-funs.ss
... execute compile job (compile-file /private/tmp/mrr-clean-graph-sdk/lib/poo-flow/modules/temporal-causality/impact/types~0.scm)
... execute compile job (compile-file /private/tmp/mrr-clean-graph-sdk/lib/poo-flow/modules/temporal-causality/impact/types.scm)
... execute compile job (compile-file /private/tmp/mrr-clean-graph-sdk/lib/poo-flow/modules/temporal-causality/time/types~0.scm)
... execute compile job (compile-file /private/tmp/mrr-clean-graph-sdk/lib/poo-flow/modules/temporal-causality/time/types.scm)
... execute compile job (compile-file /private/tmp/mrr-clean-graph-sdk/lib/poo-flow/modules/temporal-causality/config.scm)
... compile src/core/flow.ss
... execute compile job (compile-file /private/tmp/mrr-clean-graph-sdk/lib/poo-flow/modules/search/types~0.scm)
... execute compile job (compile-file /private/tmp/mrr-clean-graph-sdk/lib/poo-flow/modules/search/types.scm)
... compile src/ffi/semantic
... compile modules/workflow/cicd-runtime-support/graph.ss
... compile src/graph/interface.ss
... execute compile job (compile-file /private/tmp/mrr-clean-graph-sdk/lib/poo-flow/modules/query/rust-ir~0.scm)
... execute compile job (compile-file /private/tmp/mrr-clean-graph-sdk/lib/poo-flow/modules/query/rust-ir.scm)
... compile modules/temporal-causality/funs.ss
... compile modules/tla-plus/objects.ss
... compile modules/tla-plus/checked-source-funs.ss
... compile src/building/official-contributions.ss
... execute compile job (compile-file /private/tmp/mrr-clean-graph-sdk/lib/poo-flow/modules/tla-plus/checked-source-types~0.scm)
... execute compile job (compile-file /private/tmp/mrr-clean-graph-sdk/lib/poo-flow/modules/tla-plus/checked-source-types.scm)
... execute compile job (compile-file /private/tmp/mrr-clean-graph-sdk/lib/poo-flow/src/core/projection-syntax.scm)
... execute compile job (compile-file /private/tmp/mrr-clean-graph-sdk/lib/poo-flow/src/utilities/final-projection-syntax.scm)
... compile src/authoring/source-registry.ss
... compile src/user-interface/module-source-selection.ss
... compile modules/agent-sandbox/profile.ss
... compile modules/sandbox-core/profile-support/policy.ss
... execute compile job (compile-file /private/tmp/mrr-clean-graph-sdk/lib/poo-flow/src/core/projection-syntax~1.scm)
... execute compile job (compile-file /private/tmp/mrr-clean-graph-sdk/lib/poo-flow/src/utilities/final-projection-syntax~1.scm)
... execute compile job (compile-file /private/tmp/mrr-clean-graph-sdk/lib/poo-flow/src/feature-system/capability-model~0.scm)
... compile modules/standards/interface.ss
... compile src/feature-system/domain-case-assembly.ss
... compile src/user-interface/profile-policy.ss
... compile modules/governance/interface.ss
... execute compile job (compile-file /private/tmp/mrr-clean-graph-sdk/lib/poo-flow/src/feature-system/capability-model.scm)
... compile src/user-interface/init-declaration-syntax.ss
... compile src/authoring/module-config-syntax.ss
... compile src/contract/json-schema-receipt.ss
... compile modules/authorization/providers/cedar/interface.ss
... execute compile job (compile-file /private/tmp/mrr-clean-graph-sdk/lib/poo-flow/src/authoring/import-policy~0.scm)
... execute compile job (compile-file /private/tmp/mrr-clean-graph-sdk/lib/poo-flow/src/authoring/import-policy.scm)
... execute compile job (compile-file /private/tmp/mrr-clean-graph-sdk/lib/poo-flow/src/feature-system/capability-model~1.scm)
... compile modules/temporal-causality/candidates/interface.ss
... compile modules/query/config.ss
... compile modules/temporal-causality/trajectory/interface.ss
... compile modules/temporal-causality/impact/scope-funs.ss
... execute compile job (compile-file /private/tmp/mrr-clean-graph-sdk/lib/poo-flow/modules/agent-sandbox/alist~0.scm)
... execute compile job (compile-file /private/tmp/mrr-clean-graph-sdk/lib/poo-flow/modules/agent-sandbox/alist.scm)
... compile modules/temporal-causality/impact/refresh-funs.ss
... compile modules/temporal-causality/time/interface.ss
... compile modules/temporal-causality/truth-maintenance/interface.ss
... compile src/authoring/module-descriptor.ss
... execute compile job (compile-file /private/tmp/mrr-clean-graph-sdk/lib/poo-flow/modules/standards/types~0.scm)
... execute compile job (compile-file /private/tmp/mrr-clean-graph-sdk/lib/poo-flow/modules/standards/types.scm)
... execute compile job (compile-file /private/tmp/mrr-clean-graph-sdk/lib/poo-flow/src/feature-system/model~0.scm)
... compile src/core/plan.ss
... compile modules/temporal-causality/ascent-exchange.ss
... compile modules/temporal-causality/admission/interface.ss
... compile modules/tla-plus/funs.ss
... execute compile job (compile-file /private/tmp/mrr-clean-graph-sdk/lib/poo-flow/src/feature-system/model.scm)
... execute compile job (compile-file /private/tmp/mrr-clean-graph-sdk/lib/poo-flow/src/feature-system/bundle-v1-lowering-model~0.scm)
... execute compile job (compile-file /private/tmp/mrr-clean-graph-sdk/lib/poo-flow/src/feature-system/bundle-v1-lowering-model.scm)
... compile modules/agent-sandbox/config-form-support.ss
... compile testing-api.ss
... compile src/feature-system/policy-strategy-binding.ss
... compile src/contract/json-schema-valid.ss
... execute compile job (compile-file /private/tmp/mrr-clean-graph-sdk/lib/poo-flow/src/feature-system/bundle-v1-lowering-model~1.scm)
... execute compile job (compile-file /private/tmp/mrr-clean-graph-sdk/lib/poo-flow/src/feature-system/domain-case/contracts~0.scm)
... compile modules/funflow/config-prototypes.ss
... compile modules/query/interface.ss
... compile modules/temporal-causality/impact/interface.ss
... compile src/authoring/module-option-projection.ss
... compile src/user-interface/module-diagnostics.ss
... compile src/core/flow-syntax.ss
... compile src/scenario/plan-projection.ss
... compile src/core/replay.ss
... execute compile job (compile-file /private/tmp/mrr-clean-graph-sdk/lib/poo-flow/src/feature-system/domain-case/contracts.scm)
... execute compile job (compile-file /private/tmp/mrr-clean-graph-sdk/lib/poo-flow/src/authoring/module-interface~0.scm)
... compile src/core/strategy.ss
... compile modules/tla-plus/config.ss
... compile modules/agent-sandbox/config.ss
... compile src/feature-system/adapter-projection-binding.ss
... execute compile job (compile-file /private/tmp/mrr-clean-graph-sdk/lib/poo-flow/src/authoring/module-interface.scm)
... execute compile job (compile-file /private/tmp/mrr-clean-graph-sdk/lib/poo-flow/modules/funflow/profile-library~0.scm)
... compile src/contract/json-schema-validate.ss
... compile modules/temporal-causality/interface.ss
... execute compile job (compile-file /private/tmp/mrr-clean-graph-sdk/lib/poo-flow/modules/funflow/profile-library.scm)
... compile src/user-interface/module-runtime-presentation.ss
... execute compile job (compile-file /private/tmp/mrr-clean-graph-sdk/lib/poo-flow/src/profiles/human-ai-capability~0.scm)
... compile src/scenario/case.ss
... compile src/feature-system/bundle-v1-composition-writer.ss
... compile modules/tla-plus/interface.ss
... compile src/core/policy.ss
... compile src/core/runner-support/adapter-dispatch.ss
... compile src/core/runner-support/validation.ss
... compile modules/workflow/cicd-sandbox.ss
... execute compile job (compile-file /private/tmp/mrr-clean-graph-sdk/lib/poo-flow/src/profiles/human-ai-capability.scm)
... execute compile job (compile-file /private/tmp/mrr-clean-graph-sdk/lib/poo-flow/src/profiles/agentic-research~0.scm)
... compile src/feature-system/runtime-handoff-plan.ss
... compile modules/funflow/github-ci-contract.ss
... compile modules/search/funs.ss
... compile src/user-interface/doctor-presentation.ss
... compile src/scenario/profile-root.ss
... compile src/core/runner.ss
... execute compile job (compile-file /private/tmp/mrr-clean-graph-sdk/lib/poo-flow/src/profiles/agentic-research.scm)
... execute compile job (compile-file /private/tmp/mrr-clean-graph-sdk/lib/poo-flow/src/contract/json-schema-constraints~0.scm)
... compile modules/workflow/cicd-runtime-support/checks.ss
... compile src/feature-system/bundle-v1-domain-case-projection.ss
... compile modules/search/interface.ss
... execute compile job (compile-file /private/tmp/mrr-clean-graph-sdk/lib/poo-flow/src/contract/json-schema-constraints.scm)
... execute compile job (compile-file /private/tmp/mrr-clean-graph-sdk/lib/poo-flow/src/contract/json-schema-validation-core~0.scm)
... execute compile job (compile-file /private/tmp/mrr-clean-graph-sdk/lib/poo-flow/src/contract/json-schema-validation-core.scm)
... compile src/scenario/composition-syntax.ss
... compile src/core/config.ss
... execute compile job (compile-file /private/tmp/mrr-clean-graph-sdk/lib/poo-flow/src/contract/json-schema-normalize-core~0.scm)
... compile modules/workflow/cicd-runtime-support/marlin-abi.ss
... compile modules/workflow/cicd-runtime-support/pipeline.ss
... execute compile job (compile-file /private/tmp/mrr-clean-graph-sdk/lib/poo-flow/src/contract/json-schema-normalize-core.scm)
... execute compile job (compile-file /private/tmp/mrr-clean-graph-sdk/lib/poo-flow/modules/agent-sandbox/resource~0.scm)
... execute compile job (compile-file /private/tmp/mrr-clean-graph-sdk/lib/poo-flow/modules/agent-sandbox/resource.scm)
... compile src/feature-system/interface.ss
... compile src/core/api.ss
... compile modules/workflow/store.ss
... compile modules/docker/funs.ss
... compile src/user-interface/module-activation.ss
... compile modules/workflow/cicd-runtime.ss
... execute compile job (compile-file /private/tmp/mrr-clean-graph-sdk/lib/poo-flow/modules/workflow/flows-alignment-report~0.scm)
... execute compile job (compile-file /private/tmp/mrr-clean-graph-sdk/lib/poo-flow/modules/workflow/flows-alignment-report.scm)
... compile modules/workflow/flows-builders.ss
... compile src/user-interface/module-source-tree.ss
... execute compile job (compile-file /private/tmp/mrr-clean-graph-sdk/lib/poo-flow/modules/agent-sandbox/resource~1.scm)
... execute compile job (compile-file /private/tmp/mrr-clean-graph-sdk/lib/poo-flow/modules/sandbox-core/profile-support/policy-backend-capability~0.scm)
... compile modules/workflow/flows.ss
... compile modules/workflow/funs.ss
... compile modules/funflow/config-adapter.ss
... compile modules/funflow/config.ss
... compile modules/funflow/runtime-load-projection.ss
... compile modules/funflow/interface.ss
... execute compile job (compile-file /private/tmp/mrr-clean-graph-sdk/lib/poo-flow/modules/sandbox-core/profile-support/policy-backend-capability.scm)
... execute compile job (compile-file /private/tmp/mrr-clean-graph-sdk/lib/poo-flow/modules/authorization/funs~0.scm)
... execute compile job (compile-file /private/tmp/mrr-clean-graph-sdk/lib/poo-flow/modules/authorization/funs.scm)
... execute compile job (compile-file /private/tmp/mrr-clean-graph-sdk/lib/poo-flow/modules/authorization/objects~0.scm)
... execute compile job (compile-file /private/tmp/mrr-clean-graph-sdk/lib/poo-flow/modules/authorization/objects.scm)
... execute compile job (compile-file /private/tmp/mrr-clean-graph-sdk/lib/poo-flow/modules/authorization/providers/cedar/decision~0.scm)
... execute compile job (compile-file /private/tmp/mrr-clean-graph-sdk/lib/poo-flow/modules/authorization/providers/cedar/decision.scm)
... execute compile job (compile-file /private/tmp/mrr-clean-graph-sdk/lib/poo-flow/modules/governance/objects~0.scm)
... execute compile job (compile-file /private/tmp/mrr-clean-graph-sdk/lib/poo-flow/modules/governance/objects.scm)
... execute compile job (compile-file /private/tmp/mrr-clean-graph-sdk/lib/poo-flow/modules/proof/funs~0.scm)
... execute compile job (compile-file /private/tmp/mrr-clean-graph-sdk/lib/poo-flow/modules/proof/funs.scm)
... execute compile job (compile-file /private/tmp/mrr-clean-graph-sdk/lib/poo-flow/modules/proof/objects~0.scm)
... execute compile job (compile-file /private/tmp/mrr-clean-graph-sdk/lib/poo-flow/modules/proof/objects.scm)
... execute compile job (compile-file /private/tmp/mrr-clean-graph-sdk/lib/poo-flow/modules/query/results/objects~0.scm)
... execute compile job (compile-file /private/tmp/mrr-clean-graph-sdk/lib/poo-flow/modules/query/results/objects.scm)
... execute compile job (compile-file /private/tmp/mrr-clean-graph-sdk/lib/poo-flow/modules/query/objects~0.scm)
... execute compile job (compile-file /private/tmp/mrr-clean-graph-sdk/lib/poo-flow/modules/query/objects.scm)
... execute compile job (compile-file /private/tmp/mrr-clean-graph-sdk/lib/poo-flow/modules/query/funs~0.scm)
... execute compile job (compile-file /private/tmp/mrr-clean-graph-sdk/lib/poo-flow/modules/query/funs.scm)
... execute compile job (compile-file /private/tmp/mrr-clean-graph-sdk/lib/poo-flow/modules/temporal-causality/conclusions/objects~0.scm)
... execute compile job (compile-file /private/tmp/mrr-clean-graph-sdk/lib/poo-flow/modules/temporal-causality/conclusions/objects.scm)
... execute compile job (compile-file /private/tmp/mrr-clean-graph-sdk/lib/poo-flow/modules/temporal-causality/truth-maintenance/objects~0.scm)
... execute compile job (compile-file /private/tmp/mrr-clean-graph-sdk/lib/poo-flow/modules/temporal-causality/truth-maintenance/objects.scm)
... execute compile job (compile-file /private/tmp/mrr-clean-graph-sdk/lib/poo-flow/modules/temporal-causality/candidates/objects~0.scm)
... execute compile job (compile-file /private/tmp/mrr-clean-graph-sdk/lib/poo-flow/modules/temporal-causality/candidates/objects.scm)
... execute compile job (compile-file /private/tmp/mrr-clean-graph-sdk/lib/poo-flow/modules/temporal-causality/evidence/objects~0.scm)
... execute compile job (compile-file /private/tmp/mrr-clean-graph-sdk/lib/poo-flow/modules/temporal-causality/evidence/objects.scm)
... execute compile job (compile-file /private/tmp/mrr-clean-graph-sdk/lib/poo-flow/modules/temporal-causality/impact/refresh-types~0.scm)
... execute compile job (compile-file /private/tmp/mrr-clean-graph-sdk/lib/poo-flow/modules/temporal-causality/impact/refresh-types.scm)
... execute compile job (compile-file /private/tmp/mrr-clean-graph-sdk/lib/poo-flow/modules/temporal-causality/impact/objects~0.scm)
... execute compile job (compile-file /private/tmp/mrr-clean-graph-sdk/lib/poo-flow/modules/temporal-causality/impact/objects.scm)
... execute compile job (compile-file /private/tmp/mrr-clean-graph-sdk/lib/poo-flow/modules/temporal-causality/trajectory/types~0.scm)
... execute compile job (compile-file /private/tmp/mrr-clean-graph-sdk/lib/poo-flow/modules/temporal-causality/trajectory/types.scm)
... execute compile job (compile-file /private/tmp/mrr-clean-graph-sdk/lib/poo-flow/modules/temporal-causality/revisions/types~0.scm)
... execute compile job (compile-file /private/tmp/mrr-clean-graph-sdk/lib/poo-flow/modules/temporal-causality/revisions/types.scm)
... execute compile job (compile-file /private/tmp/mrr-clean-graph-sdk/lib/poo-flow/modules/temporal-causality/time/funs~0.scm)
... execute compile job (compile-file /private/tmp/mrr-clean-graph-sdk/lib/poo-flow/modules/temporal-causality/time/funs.scm)
... execute compile job (compile-file /private/tmp/mrr-clean-graph-sdk/lib/poo-flow/modules/temporal-causality/time/uncertainty-types~0.scm)
... execute compile job (compile-file /private/tmp/mrr-clean-graph-sdk/lib/poo-flow/modules/temporal-causality/time/uncertainty-types.scm)
... execute compile job (compile-file /private/tmp/mrr-clean-graph-sdk/lib/poo-flow/modules/temporal-causality/time/objects~0.scm)
... execute compile job (compile-file /private/tmp/mrr-clean-graph-sdk/lib/poo-flow/modules/temporal-causality/time/objects.scm)
... execute compile job (compile-file /private/tmp/mrr-clean-graph-sdk/lib/poo-flow/modules/temporal-causality/impact/scope-types~0.scm)
... execute compile job (compile-file /private/tmp/mrr-clean-graph-sdk/lib/poo-flow/modules/temporal-causality/impact/scope-types.scm)
... execute compile job (compile-file /private/tmp/mrr-clean-graph-sdk/lib/poo-flow/modules/search/objects~0.scm)
... execute compile job (compile-file /private/tmp/mrr-clean-graph-sdk/lib/poo-flow/modules/search/objects.scm)
... execute compile job (compile-file /private/tmp/mrr-clean-graph-sdk/lib/poo-flow/modules/tla-plus/checked-source-objects~0.scm)
... execute compile job (compile-file /private/tmp/mrr-clean-graph-sdk/lib/poo-flow/modules/tla-plus/checked-source-objects.scm)
... execute compile job (compile-file /private/tmp/mrr-clean-graph-sdk/lib/poo-flow/src/core/runtime-protocol~0.scm)
... execute compile job (compile-file /private/tmp/mrr-clean-graph-sdk/lib/poo-flow/src/core/runtime-protocol.scm)
... execute compile job (compile-file /private/tmp/mrr-clean-graph-sdk/lib/poo-flow/src/core/failure~0.scm)
... execute compile job (compile-file /private/tmp/mrr-clean-graph-sdk/lib/poo-flow/src/core/failure.scm)
... execute compile job (compile-file /private/tmp/mrr-clean-graph-sdk/lib/poo-flow/src/core/runtime-protocol~1.scm)
... execute compile job (compile-file /private/tmp/mrr-clean-graph-sdk/lib/poo-flow/src/core/receipt~0.scm)
... execute compile job (compile-file /private/tmp/mrr-clean-graph-sdk/lib/poo-flow/src/core/receipt.scm)
... execute compile job (compile-file /private/tmp/mrr-clean-graph-sdk/lib/poo-flow/src/core/failure~1.scm)
... execute compile job (compile-file /private/tmp/mrr-clean-graph-sdk/lib/poo-flow/src/graph/types-core~0.scm)
... execute compile job (compile-file /private/tmp/mrr-clean-graph-sdk/lib/poo-flow/src/graph/types-core.scm)
... execute compile job (compile-file /private/tmp/mrr-clean-graph-sdk/lib/poo-flow/src/core/receipt~1.scm)
... execute compile job (compile-file /private/tmp/mrr-clean-graph-sdk/lib/poo-flow/src/user-interface/module-presentation~0.scm)
... execute compile job (compile-file /private/tmp/mrr-clean-graph-sdk/lib/poo-flow/src/user-interface/module-presentation.scm)
... execute compile job (compile-file /private/tmp/mrr-clean-graph-sdk/lib/poo-flow/modules/memory-core/durable/policy~0.scm)
... execute compile job (compile-file /private/tmp/mrr-clean-graph-sdk/lib/poo-flow/modules/memory-core/durable/policy.scm)
... execute compile job (compile-file /private/tmp/mrr-clean-graph-sdk/lib/poo-flow/modules/agent-sandbox/profile-data~0.scm)
... execute compile job (compile-file /private/tmp/mrr-clean-graph-sdk/lib/poo-flow/modules/agent-sandbox/profile-data.scm)
... execute compile job (compile-file /private/tmp/mrr-clean-graph-sdk/lib/poo-flow/modules/memory-core/durable/policy~1.scm)
... execute compile job (compile-file /private/tmp/mrr-clean-graph-sdk/lib/poo-flow/modules/standards/objects~0.scm)
... execute compile job (compile-file /private/tmp/mrr-clean-graph-sdk/lib/poo-flow/modules/standards/objects.scm)
... execute compile job (compile-file /private/tmp/mrr-clean-graph-sdk/lib/poo-flow/modules/standards/resolution-objects~0.scm)
... execute compile job (compile-file /private/tmp/mrr-clean-graph-sdk/lib/poo-flow/modules/standards/resolution-objects.scm)
... execute compile job (compile-file /private/tmp/mrr-clean-graph-sdk/lib/poo-flow/modules/standards/contracts~0.scm)
... execute compile job (compile-file /private/tmp/mrr-clean-graph-sdk/lib/poo-flow/modules/standards/contracts.scm)
... execute compile job (compile-file /private/tmp/mrr-clean-graph-sdk/lib/poo-flow/src/feature-system/syntax.scm)
... execute compile job (compile-file /private/tmp/mrr-clean-graph-sdk/lib/poo-flow/src/feature-system/source-lock-feature~0.scm)
... execute compile job (compile-file /private/tmp/mrr-clean-graph-sdk/lib/poo-flow/src/feature-system/source-lock-feature.scm)
... execute compile job (compile-file /private/tmp/mrr-clean-graph-sdk/lib/poo-flow/src/feature-system/syntax~1.scm)
... execute compile job (compile-file /private/tmp/mrr-clean-graph-sdk/lib/poo-flow/src/feature-system/resolver~0.scm)
... execute compile job (compile-file /private/tmp/mrr-clean-graph-sdk/lib/poo-flow/src/feature-system/resolver.scm)
... execute compile job (compile-file /private/tmp/mrr-clean-graph-sdk/lib/poo-flow/src/feature-system/bundle-v1-lowering~0.scm)
... execute compile job (compile-file /private/tmp/mrr-clean-graph-sdk/lib/poo-flow/src/feature-system/bundle-v1-lowering.scm)
... execute compile job (compile-file /private/tmp/mrr-clean-graph-sdk/lib/poo-flow/src/feature-system/domain-case/interface~0.scm)
... execute compile job (compile-file /private/tmp/mrr-clean-graph-sdk/lib/poo-flow/src/feature-system/domain-case/interface.scm)
... execute compile job (compile-file /private/tmp/mrr-clean-graph-sdk/lib/poo-flow/src/authoring/module-imports~0.scm)
... execute compile job (compile-file /private/tmp/mrr-clean-graph-sdk/lib/poo-flow/src/authoring/module-imports.scm)
... execute compile job (compile-file /private/tmp/mrr-clean-graph-sdk/lib/poo-flow/src/user-interface/module-value-catalog~0.scm)
... execute compile job (compile-file /private/tmp/mrr-clean-graph-sdk/lib/poo-flow/src/user-interface/module-value-catalog.scm)
... execute compile job (compile-file /private/tmp/mrr-clean-graph-sdk/lib/poo-flow/src/contract/json-schema-emit-runtime~0.scm)
... execute compile job (compile-file /private/tmp/mrr-clean-graph-sdk/lib/poo-flow/src/contract/json-schema-emit-runtime.scm)
... execute compile job (compile-file /private/tmp/mrr-clean-graph-sdk/lib/poo-flow/src/contract/json-schema-normalize-resolve~0.scm)
... execute compile job (compile-file /private/tmp/mrr-clean-graph-sdk/lib/poo-flow/src/contract/json-schema-normalize-resolve.scm)
... execute compile job (compile-file /private/tmp/mrr-clean-graph-sdk/lib/poo-flow/src/contract/json-schema-normalize-parse~0.scm)
... execute compile job (compile-file /private/tmp/mrr-clean-graph-sdk/lib/poo-flow/src/contract/json-schema-normalize-parse.scm)
... execute compile job (compile-file /private/tmp/mrr-clean-graph-sdk/lib/poo-flow/modules/sandbox-core/profile-support/policy-backend-validation~0.scm)
... execute compile job (compile-file /private/tmp/mrr-clean-graph-sdk/lib/poo-flow/modules/sandbox-core/profile-support/policy-backend-validation.scm)
... execute compile job (compile-file /private/tmp/mrr-clean-graph-sdk/lib/poo-flow/modules/authorization/providers/cedar/config~0.scm)
... execute compile job (compile-file /private/tmp/mrr-clean-graph-sdk/lib/poo-flow/modules/authorization/providers/cedar/config.scm)
... execute compile job (compile-file /private/tmp/mrr-clean-graph-sdk/lib/poo-flow/modules/sandbox-core/profile-support/policy-backend-validation~1.scm)
... execute compile job (compile-file /private/tmp/mrr-clean-graph-sdk/lib/poo-flow/modules/authorization/contracts~0.scm)
... execute compile job (compile-file /private/tmp/mrr-clean-graph-sdk/lib/poo-flow/modules/authorization/contracts.scm)
... execute compile job (compile-file /private/tmp/mrr-clean-graph-sdk/lib/poo-flow/modules/proof/config~0.scm)
... execute compile job (compile-file /private/tmp/mrr-clean-graph-sdk/lib/poo-flow/modules/proof/config.scm)
... execute compile job (compile-file /private/tmp/mrr-clean-graph-sdk/lib/poo-flow/modules/query/results/funs~0.scm)
... execute compile job (compile-file /private/tmp/mrr-clean-graph-sdk/lib/poo-flow/modules/query/results/funs.scm)
... execute compile job (compile-file /private/tmp/mrr-clean-graph-sdk/lib/poo-flow/modules/query/gql~0.scm)
... execute compile job (compile-file /private/tmp/mrr-clean-graph-sdk/lib/poo-flow/modules/query/gql.scm)
... execute compile job (compile-file /private/tmp/mrr-clean-graph-sdk/lib/poo-flow/src/ffi/runtime-v0-native~0.scm)
... execute compile job (compile-file /private/tmp/mrr-clean-graph-sdk/lib/poo-flow/modules/temporal-causality/conclusions/funs~0.scm)
... execute compile job (compile-file /private/tmp/mrr-clean-graph-sdk/lib/poo-flow/modules/temporal-causality/conclusions/funs.scm)
... execute compile job (compile-file /private/tmp/mrr-clean-graph-sdk/lib/poo-flow/src/ffi/runtime-v0-native.scm)
... execute compile job (compile-file /private/tmp/mrr-clean-graph-sdk/lib/poo-flow/modules/temporal-causality/candidates/funs~0.scm)
... execute compile job (compile-file /private/tmp/mrr-clean-graph-sdk/lib/poo-flow/modules/temporal-causality/candidates/funs.scm)
... execute compile job (compile-file /private/tmp/mrr-clean-graph-sdk/lib/poo-flow/modules/temporal-causality/evidence/funs~0.scm)
... execute compile job (compile-file /private/tmp/mrr-clean-graph-sdk/lib/poo-flow/modules/temporal-causality/evidence/funs.scm)
... execute compile job (compile-file /private/tmp/mrr-clean-graph-sdk/lib/poo-flow/modules/temporal-causality/impact/refresh-objects~0.scm)
... execute compile job (compile-file /private/tmp/mrr-clean-graph-sdk/lib/poo-flow/modules/temporal-causality/impact/refresh-objects.scm)
... execute compile job (compile-file /private/tmp/mrr-clean-graph-sdk/lib/poo-flow/modules/temporal-causality/trajectory/objects~0.scm)
... execute compile job (compile-file /private/tmp/mrr-clean-graph-sdk/lib/poo-flow/modules/temporal-causality/trajectory/objects.scm)
... execute compile job (compile-file /private/tmp/mrr-clean-graph-sdk/lib/poo-flow/modules/temporal-causality/trajectory/delta-types~0.scm)
... execute compile job (compile-file /private/tmp/mrr-clean-graph-sdk/lib/poo-flow/modules/temporal-causality/trajectory/delta-types.scm)
... execute compile job (compile-file /private/tmp/mrr-clean-graph-sdk/lib/poo-flow/modules/temporal-causality/revisions/objects~0.scm)
... execute compile job (compile-file /private/tmp/mrr-clean-graph-sdk/lib/poo-flow/modules/temporal-causality/revisions/objects.scm)
... execute compile job (compile-file /private/tmp/mrr-clean-graph-sdk/lib/poo-flow/modules/temporal-causality/time/watermark-types~0.scm)
... execute compile job (compile-file /private/tmp/mrr-clean-graph-sdk/lib/poo-flow/modules/temporal-causality/time/watermark-types.scm)
... execute compile job (compile-file /private/tmp/mrr-clean-graph-sdk/lib/poo-flow/modules/temporal-causality/time/uncertainty-objects~0.scm)
... execute compile job (compile-file /private/tmp/mrr-clean-graph-sdk/lib/poo-flow/modules/temporal-causality/time/uncertainty-objects.scm)
... execute compile job (compile-file /private/tmp/mrr-clean-graph-sdk/lib/poo-flow/modules/temporal-causality/impact/scope-objects~0.scm)
... execute compile job (compile-file /private/tmp/mrr-clean-graph-sdk/lib/poo-flow/modules/temporal-causality/impact/scope-objects.scm)
... execute compile job (compile-file /private/tmp/mrr-clean-graph-sdk/lib/poo-flow/src/core/runtime-command-invocation~0.scm)
... execute compile job (compile-file /private/tmp/mrr-clean-graph-sdk/lib/poo-flow/src/core/runtime-command-invocation.scm)
... execute compile job (compile-file /private/tmp/mrr-clean-graph-sdk/lib/poo-flow/src/core/runtime-command-invocation~1.scm)
... execute compile job (compile-file /private/tmp/mrr-clean-graph-sdk/lib/poo-flow/src/core/task~0.scm)
... execute compile job (compile-file /private/tmp/mrr-clean-graph-sdk/lib/poo-flow/src/core/task.scm)
... execute compile job (compile-file /private/tmp/mrr-clean-graph-sdk/lib/poo-flow/src/core/flow-strand~0.scm)
... execute compile job (compile-file /private/tmp/mrr-clean-graph-sdk/lib/poo-flow/src/core/flow-strand.scm)
... execute compile job (compile-file /private/tmp/mrr-clean-graph-sdk/lib/poo-flow/src/core/task~1.scm)
... execute compile job (compile-file /private/tmp/mrr-clean-graph-sdk/lib/poo-flow/src/core/runner-support/receipt~0.scm)
... execute compile job (compile-file /private/tmp/mrr-clean-graph-sdk/lib/poo-flow/src/core/runner-support/receipt.scm)
... execute compile job (compile-file /private/tmp/mrr-clean-graph-sdk/lib/poo-flow/src/core/agent-harness~0.scm)
... execute compile job (compile-file /private/tmp/mrr-clean-graph-sdk/lib/poo-flow/src/core/agent-harness.scm)
... execute compile job (compile-file /private/tmp/mrr-clean-graph-sdk/lib/poo-flow/src/graph/algorithms-list-support~0.scm)
... execute compile job (compile-file /private/tmp/mrr-clean-graph-sdk/lib/poo-flow/src/graph/algorithms-list-support.scm)
... execute compile job (compile-file /private/tmp/mrr-clean-graph-sdk/lib/poo-flow/src/graph/types-contracts~0.scm)
... execute compile job (compile-file /private/tmp/mrr-clean-graph-sdk/lib/poo-flow/src/graph/types-contracts.scm)
... execute compile job (compile-file /private/tmp/mrr-clean-graph-sdk/lib/poo-flow/src/core/agent-harness~1.scm)
... execute compile job (compile-file /private/tmp/mrr-clean-graph-sdk/lib/poo-flow/modules/temporal-causality/types~0.scm)
... execute compile job (compile-file /private/tmp/mrr-clean-graph-sdk/lib/poo-flow/modules/temporal-causality/types.scm)
... execute compile job (compile-file /private/tmp/mrr-clean-graph-sdk/lib/poo-flow/src/authoring/module-source-observation~0.scm)
... execute compile job (compile-file /private/tmp/mrr-clean-graph-sdk/lib/poo-flow/src/authoring/module-source-observation.scm)
... execute compile job (compile-file /private/tmp/mrr-clean-graph-sdk/lib/poo-flow/src/testing/source-admission~0.scm)
... execute compile job (compile-file /private/tmp/mrr-clean-graph-sdk/lib/poo-flow/src/testing/source-admission.scm)
... execute compile job (compile-file /private/tmp/mrr-clean-graph-sdk/lib/poo-flow/src/authoring/module-source-admission~0.scm)
... execute compile job (compile-file /private/tmp/mrr-clean-graph-sdk/lib/poo-flow/src/authoring/module-source-admission.scm)
... execute compile job (compile-file /private/tmp/mrr-clean-graph-sdk/lib/poo-flow/modules/agent-sandbox/profile-validation~0.scm)
... execute compile job (compile-file /private/tmp/mrr-clean-graph-sdk/lib/poo-flow/modules/agent-sandbox/profile-validation.scm)
... execute compile job (compile-file /private/tmp/mrr-clean-graph-sdk/lib/poo-flow/modules/sandbox-core/profile-support/policy-profile-core~0.scm)
... execute compile job (compile-file /private/tmp/mrr-clean-graph-sdk/lib/poo-flow/modules/sandbox-core/profile-support/policy-profile-core.scm)
... execute compile job (compile-file /private/tmp/mrr-clean-graph-sdk/lib/poo-flow/modules/workflow/objects~0.scm)
... execute compile job (compile-file /private/tmp/mrr-clean-graph-sdk/lib/poo-flow/modules/workflow/objects.scm)
... execute compile job (compile-file /private/tmp/mrr-clean-graph-sdk/lib/poo-flow/modules/standards/loader~0.scm)
... execute compile job (compile-file /private/tmp/mrr-clean-graph-sdk/lib/poo-flow/modules/standards/loader.scm)
... execute compile job (compile-file /private/tmp/mrr-clean-graph-sdk/lib/poo-flow/modules/standards/funs~0.scm)
... execute compile job (compile-file /private/tmp/mrr-clean-graph-sdk/lib/poo-flow/modules/standards/funs.scm)
... execute compile job (compile-file /private/tmp/mrr-clean-graph-sdk/lib/poo-flow/src/feature-system/bundle-v1-foreign-arena~0.scm)
... execute compile job (compile-file /private/tmp/mrr-clean-graph-sdk/lib/poo-flow/src/feature-system/bundle-v1-foreign-arena.scm)
... execute compile job (compile-file /private/tmp/mrr-clean-graph-sdk/lib/poo-flow/src/user-interface/module-selection~0.scm)
... execute compile job (compile-file /private/tmp/mrr-clean-graph-sdk/lib/poo-flow/src/user-interface/module-selection.scm)
... execute compile job (compile-file /private/tmp/mrr-clean-graph-sdk/lib/poo-flow/src/feature-system/feature-manifest~0.scm)
... execute compile job (compile-file /private/tmp/mrr-clean-graph-sdk/lib/poo-flow/src/feature-system/feature-manifest.scm)
... execute compile job (compile-file /private/tmp/mrr-clean-graph-sdk/lib/poo-flow/src/feature-system/bundle-v1-foreign-arena~1.scm)
... execute compile job (compile-file /private/tmp/mrr-clean-graph-sdk/lib/poo-flow/src/feature-system/feature-manifest~1.scm)
... execute compile job (compile-file /private/tmp/mrr-clean-graph-sdk/lib/poo-flow/src/user-interface/module-selection~1.scm)
... execute compile job (compile-file /private/tmp/mrr-clean-graph-sdk/lib/poo-flow/src/contract/json-schema-emit-contracts~0.scm)
... execute compile job (compile-file /private/tmp/mrr-clean-graph-sdk/lib/poo-flow/src/contract/json-schema-emit-contracts.scm)
... execute compile job (compile-file /private/tmp/mrr-clean-graph-sdk/lib/poo-flow/src/contract/json-schema-normalize~0.scm)
... execute compile job (compile-file /private/tmp/mrr-clean-graph-sdk/lib/poo-flow/src/contract/json-schema-normalize.scm)
... execute compile job (compile-file /private/tmp/mrr-clean-graph-sdk/lib/poo-flow/modules/authorization/interface.scm)
... execute compile job (compile-file /private/tmp/mrr-clean-graph-sdk/lib/poo-flow/modules/authorization/providers/cedar/contracts~0.scm)
... execute compile job (compile-file /private/tmp/mrr-clean-graph-sdk/lib/poo-flow/modules/authorization/providers/cedar/contracts.scm)
... execute compile job (compile-file /private/tmp/mrr-clean-graph-sdk/lib/poo-flow/modules/proof/interface.scm)
... execute compile job (compile-file /private/tmp/mrr-clean-graph-sdk/lib/poo-flow/modules/query/results/interface.scm)
... execute compile job (compile-file /private/tmp/mrr-clean-graph-sdk/lib/poo-flow/modules/query/contracts~0.scm)
... execute compile job (compile-file /private/tmp/mrr-clean-graph-sdk/lib/poo-flow/modules/query/contracts.scm)
... execute compile job (compile-file /private/tmp/mrr-clean-graph-sdk/lib/poo-flow/modules/temporal-causality/conclusions/interface.scm)
... execute compile job (compile-file /private/tmp/mrr-clean-graph-sdk/lib/poo-flow/modules/temporal-causality/evidence/interface.scm)
... execute compile job (compile-file /private/tmp/mrr-clean-graph-sdk/lib/poo-flow/modules/temporal-causality/trajectory/delta-objects~0.scm)
... execute compile job (compile-file /private/tmp/mrr-clean-graph-sdk/lib/poo-flow/modules/temporal-causality/trajectory/delta-objects.scm)
... execute compile job (compile-file /private/tmp/mrr-clean-graph-sdk/lib/poo-flow/modules/temporal-causality/trajectory/funs~0.scm)
... execute compile job (compile-file /private/tmp/mrr-clean-graph-sdk/lib/poo-flow/modules/temporal-causality/trajectory/funs.scm)
... execute compile job (compile-file /private/tmp/mrr-clean-graph-sdk/lib/poo-flow/modules/temporal-causality/revisions/funs~0.scm)
... execute compile job (compile-file /private/tmp/mrr-clean-graph-sdk/lib/poo-flow/modules/temporal-causality/revisions/funs.scm)
... execute compile job (compile-file /private/tmp/mrr-clean-graph-sdk/lib/poo-flow/modules/temporal-causality/time/watermark-objects~0.scm)
... execute compile job (compile-file /private/tmp/mrr-clean-graph-sdk/lib/poo-flow/modules/temporal-causality/time/watermark-objects.scm)
... execute compile job (compile-file /private/tmp/mrr-clean-graph-sdk/lib/poo-flow/modules/temporal-causality/time/uncertainty-funs~0.scm)
... execute compile job (compile-file /private/tmp/mrr-clean-graph-sdk/lib/poo-flow/modules/temporal-causality/time/uncertainty-funs.scm)
... execute compile job (compile-file /private/tmp/mrr-clean-graph-sdk/lib/poo-flow/src/core/flow-declarations~0.scm)
... execute compile job (compile-file /private/tmp/mrr-clean-graph-sdk/lib/poo-flow/src/core/flow-declarations.scm)
... execute compile job (compile-file /private/tmp/mrr-clean-graph-sdk/lib/poo-flow/src/core/runtime-command-descriptor~0.scm)
... execute compile job (compile-file /private/tmp/mrr-clean-graph-sdk/lib/poo-flow/src/core/runtime-command-descriptor.scm)
... execute compile job (compile-file /private/tmp/mrr-clean-graph-sdk/lib/poo-flow/src/core/runtime-adapter~0.scm)
... execute compile job (compile-file /private/tmp/mrr-clean-graph-sdk/lib/poo-flow/src/core/runtime-adapter.scm)
... execute compile job (compile-file /private/tmp/mrr-clean-graph-sdk/lib/poo-flow/src/core/runtime-command-descriptor~1.scm)
... execute compile job (compile-file /private/tmp/mrr-clean-graph-sdk/lib/poo-flow/src/core/runtime-adapter~1.scm)
... execute compile job (compile-file /private/tmp/mrr-clean-graph-sdk/lib/poo-flow/src/graph/algorithms~0.scm)
... execute compile job (compile-file /private/tmp/mrr-clean-graph-sdk/lib/poo-flow/src/graph/algorithms.scm)
... execute compile job (compile-file /private/tmp/mrr-clean-graph-sdk/lib/poo-flow/src/graph/types.scm)
... execute compile job (compile-file /private/tmp/mrr-clean-graph-sdk/lib/poo-flow/modules/temporal-causality/objects~0.scm)
... execute compile job (compile-file /private/tmp/mrr-clean-graph-sdk/lib/poo-flow/modules/temporal-causality/objects.scm)
... execute compile job (compile-file /private/tmp/mrr-clean-graph-sdk/lib/poo-flow/modules/tla-plus/types~0.scm)
... execute compile job (compile-file /private/tmp/mrr-clean-graph-sdk/lib/poo-flow/modules/tla-plus/types.scm)
... execute compile job (compile-file /private/tmp/mrr-clean-graph-sdk/lib/poo-flow/src/authoring/source-authoring~0.scm)
... execute compile job (compile-file /private/tmp/mrr-clean-graph-sdk/lib/poo-flow/src/authoring/source-authoring.scm)
... execute compile job (compile-file /private/tmp/mrr-clean-graph-sdk/lib/poo-flow/src/authoring/module-source-collection~0.scm)
... execute compile job (compile-file /private/tmp/mrr-clean-graph-sdk/lib/poo-flow/src/authoring/module-source-collection.scm)
... execute compile job (compile-file /private/tmp/mrr-clean-graph-sdk/lib/poo-flow/modules/agent-sandbox/profile-projection~0.scm)
... execute compile job (compile-file /private/tmp/mrr-clean-graph-sdk/lib/poo-flow/modules/agent-sandbox/profile-projection.scm)
... execute compile job (compile-file /private/tmp/mrr-clean-graph-sdk/lib/poo-flow/src/authoring/module-source-collection~1.scm)
... execute compile job (compile-file /private/tmp/mrr-clean-graph-sdk/lib/poo-flow/modules/agent-sandbox/profile-descriptor~0.scm)
... execute compile job (compile-file /private/tmp/mrr-clean-graph-sdk/lib/poo-flow/modules/agent-sandbox/profile-descriptor.scm)
... execute compile job (compile-file /private/tmp/mrr-clean-graph-sdk/lib/poo-flow/modules/sandbox-core/profile-support/policy-profile-validation~0.scm)
... execute compile job (compile-file /private/tmp/mrr-clean-graph-sdk/lib/poo-flow/modules/sandbox-core/profile-support/policy-profile-validation.scm)
... execute compile job (compile-file /private/tmp/mrr-clean-graph-sdk/lib/poo-flow/modules/standards/config~0.scm)
... execute compile job (compile-file /private/tmp/mrr-clean-graph-sdk/lib/poo-flow/modules/standards/config.scm)
... execute compile job (compile-file /private/tmp/mrr-clean-graph-sdk/lib/poo-flow/src/feature-system/composition~0.scm)
... execute compile job (compile-file /private/tmp/mrr-clean-graph-sdk/lib/poo-flow/src/feature-system/composition.scm)
... execute compile job (compile-file /private/tmp/mrr-clean-graph-sdk/lib/poo-flow/modules/sandbox-core/profile-support/policy-profile-validation~1.scm)
... execute compile job (compile-file /private/tmp/mrr-clean-graph-sdk/lib/poo-flow/src/user-interface/profile-core~0.scm)
... execute compile job (compile-file /private/tmp/mrr-clean-graph-sdk/lib/poo-flow/src/user-interface/profile-core.scm)
... execute compile job (compile-file /private/tmp/mrr-clean-graph-sdk/lib/poo-flow/src/feature-system/composition~1.scm)
... execute compile job (compile-file /private/tmp/mrr-clean-graph-sdk/lib/poo-flow/src/user-interface/module-selection-syntax.scm)
... execute compile job (compile-file /private/tmp/mrr-clean-graph-sdk/lib/poo-flow/modules/governance/funs~0.scm)
... execute compile job (compile-file /private/tmp/mrr-clean-graph-sdk/lib/poo-flow/modules/governance/funs.scm)
... execute compile job (compile-file /private/tmp/mrr-clean-graph-sdk/lib/poo-flow/src/user-interface/module-selection-contract~0.scm)
... execute compile job (compile-file /private/tmp/mrr-clean-graph-sdk/lib/poo-flow/src/user-interface/module-selection-contract.scm)
... execute compile job (compile-file /private/tmp/mrr-clean-graph-sdk/lib/poo-flow/src/contract/json-schema-emit.scm)
... execute compile job (compile-file /private/tmp/mrr-clean-graph-sdk/lib/poo-flow/src/user-interface/module-selection-syntax~1.scm)
... execute compile job (compile-file /private/tmp/mrr-clean-graph-sdk/lib/poo-flow/modules/authorization/providers/cedar/funs~0.scm)
... execute compile job (compile-file /private/tmp/mrr-clean-graph-sdk/lib/poo-flow/modules/authorization/providers/cedar/funs.scm)
... execute compile job (compile-file /private/tmp/mrr-clean-graph-sdk/lib/poo-flow/modules/temporal-causality/candidates/gql~0.scm)
... execute compile job (compile-file /private/tmp/mrr-clean-graph-sdk/lib/poo-flow/modules/temporal-causality/candidates/gql.scm)
... execute compile job (compile-file /private/tmp/mrr-clean-graph-sdk/lib/poo-flow/modules/query/scheme-select~0.scm)
... execute compile job (compile-file /private/tmp/mrr-clean-graph-sdk/lib/poo-flow/modules/query/scheme-select.scm)
... execute compile job (compile-file /private/tmp/mrr-clean-graph-sdk/lib/poo-flow/modules/temporal-causality/trajectory/delta-funs~0.scm)
... execute compile job (compile-file /private/tmp/mrr-clean-graph-sdk/lib/poo-flow/modules/temporal-causality/trajectory/delta-funs.scm)
... execute compile job (compile-file /private/tmp/mrr-clean-graph-sdk/lib/poo-flow/modules/temporal-causality/impact/funs~0.scm)
... execute compile job (compile-file /private/tmp/mrr-clean-graph-sdk/lib/poo-flow/modules/temporal-causality/impact/funs.scm)
... execute compile job (compile-file /private/tmp/mrr-clean-graph-sdk/lib/poo-flow/modules/temporal-causality/revisions/interface.scm)
... execute compile job (compile-file /private/tmp/mrr-clean-graph-sdk/lib/poo-flow/modules/temporal-causality/time/watermark-funs~0.scm)
... execute compile job (compile-file /private/tmp/mrr-clean-graph-sdk/lib/poo-flow/modules/temporal-causality/time/watermark-funs.scm)
... execute compile job (compile-file /private/tmp/mrr-clean-graph-sdk/lib/poo-flow/modules/temporal-causality/truth-maintenance/funs~0.scm)
... execute compile job (compile-file /private/tmp/mrr-clean-graph-sdk/lib/poo-flow/modules/temporal-causality/truth-maintenance/funs.scm)
... execute compile job (compile-file /private/tmp/mrr-clean-graph-sdk/lib/poo-flow/src/core/flow~0.scm)
... execute compile job (compile-file /private/tmp/mrr-clean-graph-sdk/lib/poo-flow/src/core/flow.scm)
... execute compile job (compile-file /private/tmp/mrr-clean-graph-sdk/lib/poo-flow/modules/workflow/cicd-runtime-support/graph~0.scm)
... execute compile job (compile-file /private/tmp/mrr-clean-graph-sdk/lib/poo-flow/modules/workflow/cicd-runtime-support/graph.scm)
... execute compile job (compile-file /private/tmp/mrr-clean-graph-sdk/lib/poo-flow/src/ffi/semantic~0.scm)
... execute compile job (compile-file /private/tmp/mrr-clean-graph-sdk/lib/poo-flow/src/ffi/semantic.scm)
... execute compile job (compile-file /private/tmp/mrr-clean-graph-sdk/lib/poo-flow/src/core/flow~1.scm)
... execute compile job (compile-file /private/tmp/mrr-clean-graph-sdk/lib/poo-flow/src/graph/interface.scm)
... execute compile job (compile-file /private/tmp/mrr-clean-graph-sdk/lib/poo-flow/modules/workflow/cicd-runtime-support/graph~1.scm)
... execute compile job (compile-file /private/tmp/mrr-clean-graph-sdk/lib/poo-flow/modules/temporal-causality/funs~0.scm)
... execute compile job (compile-file /private/tmp/mrr-clean-graph-sdk/lib/poo-flow/modules/temporal-causality/funs.scm)
... execute compile job (compile-file /private/tmp/mrr-clean-graph-sdk/lib/poo-flow/modules/tla-plus/objects~0.scm)
... execute compile job (compile-file /private/tmp/mrr-clean-graph-sdk/lib/poo-flow/modules/tla-plus/objects.scm)
... execute compile job (compile-file /private/tmp/mrr-clean-graph-sdk/lib/poo-flow/modules/tla-plus/checked-source-funs~0.scm)
... execute compile job (compile-file /private/tmp/mrr-clean-graph-sdk/lib/poo-flow/modules/tla-plus/checked-source-funs.scm)
... execute compile job (compile-file /private/tmp/mrr-clean-graph-sdk/lib/poo-flow/src/building/official-contributions~0.scm)
... execute compile job (compile-file /private/tmp/mrr-clean-graph-sdk/lib/poo-flow/src/building/official-contributions.scm)
... execute compile job (compile-file /private/tmp/mrr-clean-graph-sdk/lib/poo-flow/src/authoring/source-registry~0.scm)
... execute compile job (compile-file /private/tmp/mrr-clean-graph-sdk/lib/poo-flow/src/authoring/source-registry.scm)
... execute compile job (compile-file /private/tmp/mrr-clean-graph-sdk/lib/poo-flow/src/user-interface/module-source-selection~0.scm)
... execute compile job (compile-file /private/tmp/mrr-clean-graph-sdk/lib/poo-flow/src/user-interface/module-source-selection.scm)
... execute compile job (compile-file /private/tmp/mrr-clean-graph-sdk/lib/poo-flow/modules/agent-sandbox/profile.scm)
... execute compile job (compile-file /private/tmp/mrr-clean-graph-sdk/lib/poo-flow/modules/sandbox-core/profile-support/policy.scm)
... execute compile job (compile-file /private/tmp/mrr-clean-graph-sdk/lib/poo-flow/modules/standards/interface.scm)
... execute compile job (compile-file /private/tmp/mrr-clean-graph-sdk/lib/poo-flow/src/feature-system/domain-case-assembly~0.scm)
... execute compile job (compile-file /private/tmp/mrr-clean-graph-sdk/lib/poo-flow/src/feature-system/domain-case-assembly.scm)
... execute compile job (compile-file /private/tmp/mrr-clean-graph-sdk/lib/poo-flow/src/user-interface/profile-policy~0.scm)
... execute compile job (compile-file /private/tmp/mrr-clean-graph-sdk/lib/poo-flow/src/user-interface/profile-policy.scm)
... execute compile job (compile-file /private/tmp/mrr-clean-graph-sdk/lib/poo-flow/modules/governance/interface.scm)
... execute compile job (compile-file /private/tmp/mrr-clean-graph-sdk/lib/poo-flow/src/feature-system/domain-case-assembly~1.scm)
... execute compile job (compile-file /private/tmp/mrr-clean-graph-sdk/lib/poo-flow/src/user-interface/init-declaration-syntax.scm)
... execute compile job (compile-file /private/tmp/mrr-clean-graph-sdk/lib/poo-flow/src/authoring/module-config-syntax~0.scm)
... execute compile job (compile-file /private/tmp/mrr-clean-graph-sdk/lib/poo-flow/src/authoring/module-config-syntax.scm)
... execute compile job (compile-file /private/tmp/mrr-clean-graph-sdk/lib/poo-flow/src/contract/json-schema-receipt~0.scm)
... execute compile job (compile-file /private/tmp/mrr-clean-graph-sdk/lib/poo-flow/src/contract/json-schema-receipt.scm)
... execute compile job (compile-file /private/tmp/mrr-clean-graph-sdk/lib/poo-flow/modules/authorization/providers/cedar/interface.scm)
... execute compile job (compile-file /private/tmp/mrr-clean-graph-sdk/lib/poo-flow/src/contract/json-schema-receipt~1.scm)
... execute compile job (compile-file /private/tmp/mrr-clean-graph-sdk/lib/poo-flow/src/user-interface/init-declaration-syntax~1.scm)
... execute compile job (compile-file /private/tmp/mrr-clean-graph-sdk/lib/poo-flow/src/authoring/module-config-syntax~1.scm)
... execute compile job (compile-file /private/tmp/mrr-clean-graph-sdk/lib/poo-flow/modules/temporal-causality/candidates/interface.scm)
... execute compile job (compile-file /private/tmp/mrr-clean-graph-sdk/lib/poo-flow/modules/query/config~0.scm)
... execute compile job (compile-file /private/tmp/mrr-clean-graph-sdk/lib/poo-flow/modules/query/config.scm)
... execute compile job (compile-file /private/tmp/mrr-clean-graph-sdk/lib/poo-flow/modules/temporal-causality/trajectory/interface.scm)
... execute compile job (compile-file /private/tmp/mrr-clean-graph-sdk/lib/poo-flow/modules/temporal-causality/impact/scope-funs~0.scm)
... execute compile job (compile-file /private/tmp/mrr-clean-graph-sdk/lib/poo-flow/modules/temporal-causality/impact/scope-funs.scm)
... execute compile job (compile-file /private/tmp/mrr-clean-graph-sdk/lib/poo-flow/modules/temporal-causality/impact/refresh-funs~0.scm)
... execute compile job (compile-file /private/tmp/mrr-clean-graph-sdk/lib/poo-flow/modules/temporal-causality/impact/refresh-funs.scm)
... execute compile job (compile-file /private/tmp/mrr-clean-graph-sdk/lib/poo-flow/modules/temporal-causality/time/interface.scm)
... execute compile job (compile-file /private/tmp/mrr-clean-graph-sdk/lib/poo-flow/modules/temporal-causality/truth-maintenance/interface.scm)
... execute compile job (compile-file /private/tmp/mrr-clean-graph-sdk/lib/poo-flow/src/authoring/module-descriptor~0.scm)
... execute compile job (compile-file /private/tmp/mrr-clean-graph-sdk/lib/poo-flow/src/authoring/module-descriptor.scm)
... execute compile job (compile-file /private/tmp/mrr-clean-graph-sdk/lib/poo-flow/src/authoring/module-descriptor~1.scm)
... execute compile job (compile-file /private/tmp/mrr-clean-graph-sdk/lib/poo-flow/src/core/plan~0.scm)
... execute compile job (compile-file /private/tmp/mrr-clean-graph-sdk/lib/poo-flow/src/core/plan.scm)
... execute compile job (compile-file /private/tmp/mrr-clean-graph-sdk/lib/poo-flow/modules/temporal-causality/ascent-exchange~0.scm)
... execute compile job (compile-file /private/tmp/mrr-clean-graph-sdk/lib/poo-flow/modules/temporal-causality/ascent-exchange.scm)
... execute compile job (compile-file /private/tmp/mrr-clean-graph-sdk/lib/poo-flow/modules/temporal-causality/admission/interface~0.scm)
... execute compile job (compile-file /private/tmp/mrr-clean-graph-sdk/lib/poo-flow/modules/temporal-causality/admission/interface.scm)
... execute compile job (compile-file /private/tmp/mrr-clean-graph-sdk/lib/poo-flow/src/core/plan~1.scm)
... execute compile job (compile-file /private/tmp/mrr-clean-graph-sdk/lib/poo-flow/modules/tla-plus/funs~0.scm)
... execute compile job (compile-file /private/tmp/mrr-clean-graph-sdk/lib/poo-flow/modules/tla-plus/funs.scm)
... execute compile job (compile-file /private/tmp/mrr-clean-graph-sdk/lib/poo-flow/modules/agent-sandbox/config-form-support~0.scm)
... execute compile job (compile-file /private/tmp/mrr-clean-graph-sdk/lib/poo-flow/modules/agent-sandbox/config-form-support.scm)
... execute compile job (compile-file /private/tmp/mrr-clean-graph-sdk/lib/poo-flow/testing-api~0.scm)
... execute compile job (compile-file /private/tmp/mrr-clean-graph-sdk/lib/poo-flow/testing-api.scm)
... execute compile job (compile-file /private/tmp/mrr-clean-graph-sdk/lib/poo-flow/src/feature-system/policy-strategy-binding~0.scm)
... execute compile job (compile-file /private/tmp/mrr-clean-graph-sdk/lib/poo-flow/src/feature-system/policy-strategy-binding.scm)
... execute compile job (compile-file /private/tmp/mrr-clean-graph-sdk/lib/poo-flow/src/contract/json-schema-valid~0.scm)
... execute compile job (compile-file /private/tmp/mrr-clean-graph-sdk/lib/poo-flow/src/contract/json-schema-valid.scm)
... execute compile job (compile-file /private/tmp/mrr-clean-graph-sdk/lib/poo-flow/src/feature-system/policy-strategy-binding~1.scm)
... execute compile job (compile-file /private/tmp/mrr-clean-graph-sdk/lib/poo-flow/modules/funflow/config-prototypes~0.scm)
... execute compile job (compile-file /private/tmp/mrr-clean-graph-sdk/lib/poo-flow/modules/funflow/config-prototypes.scm)
... execute compile job (compile-file /private/tmp/mrr-clean-graph-sdk/lib/poo-flow/modules/query/interface.scm)
... execute compile job (compile-file /private/tmp/mrr-clean-graph-sdk/lib/poo-flow/modules/temporal-causality/impact/interface.scm)
... execute compile job (compile-file /private/tmp/mrr-clean-graph-sdk/lib/poo-flow/src/authoring/module-option-projection~0.scm)
... execute compile job (compile-file /private/tmp/mrr-clean-graph-sdk/lib/poo-flow/src/authoring/module-option-projection.scm)
... execute compile job (compile-file /private/tmp/mrr-clean-graph-sdk/lib/poo-flow/src/user-interface/module-diagnostics~0.scm)
... execute compile job (compile-file /private/tmp/mrr-clean-graph-sdk/lib/poo-flow/src/user-interface/module-diagnostics.scm)
... execute compile job (compile-file /private/tmp/mrr-clean-graph-sdk/lib/poo-flow/src/core/flow-syntax.scm)
... execute compile job (compile-file /private/tmp/mrr-clean-graph-sdk/lib/poo-flow/src/scenario/plan-projection~0.scm)
... execute compile job (compile-file /private/tmp/mrr-clean-graph-sdk/lib/poo-flow/src/scenario/plan-projection.scm)
... execute compile job (compile-file /private/tmp/mrr-clean-graph-sdk/lib/poo-flow/src/core/flow-syntax~1.scm)
... execute compile job (compile-file /private/tmp/mrr-clean-graph-sdk/lib/poo-flow/src/core/replay~0.scm)
... execute compile job (compile-file /private/tmp/mrr-clean-graph-sdk/lib/poo-flow/src/core/replay.scm)
... execute compile job (compile-file /private/tmp/mrr-clean-graph-sdk/lib/poo-flow/src/scenario/plan-projection~1.scm)
... execute compile job (compile-file /private/tmp/mrr-clean-graph-sdk/lib/poo-flow/src/core/replay~1.scm)
... execute compile job (compile-file /private/tmp/mrr-clean-graph-sdk/lib/poo-flow/src/core/strategy~0.scm)
... execute compile job (compile-file /private/tmp/mrr-clean-graph-sdk/lib/poo-flow/src/core/strategy.scm)
... execute compile job (compile-file /private/tmp/mrr-clean-graph-sdk/lib/poo-flow/modules/tla-plus/config~0.scm)
... execute compile job (compile-file /private/tmp/mrr-clean-graph-sdk/lib/poo-flow/modules/tla-plus/config.scm)
... execute compile job (compile-file /private/tmp/mrr-clean-graph-sdk/lib/poo-flow/src/core/strategy~1.scm)
... execute compile job (compile-file /private/tmp/mrr-clean-graph-sdk/lib/poo-flow/modules/agent-sandbox/config~0.scm)
... execute compile job (compile-file /private/tmp/mrr-clean-graph-sdk/lib/poo-flow/modules/agent-sandbox/config.scm)
... execute compile job (compile-file /private/tmp/mrr-clean-graph-sdk/lib/poo-flow/src/feature-system/adapter-projection-binding~0.scm)
... execute compile job (compile-file /private/tmp/mrr-clean-graph-sdk/lib/poo-flow/src/feature-system/adapter-projection-binding.scm)
... execute compile job (compile-file /private/tmp/mrr-clean-graph-sdk/lib/poo-flow/modules/agent-sandbox/config~1.scm)
... execute compile job (compile-file /private/tmp/mrr-clean-graph-sdk/lib/poo-flow/src/feature-system/adapter-projection-binding~1.scm)
... execute compile job (compile-file /private/tmp/mrr-clean-graph-sdk/lib/poo-flow/src/contract/json-schema-validate~0.scm)
... execute compile job (compile-file /private/tmp/mrr-clean-graph-sdk/lib/poo-flow/src/contract/json-schema-validate.scm)
... execute compile job (compile-file /private/tmp/mrr-clean-graph-sdk/lib/poo-flow/modules/temporal-causality/interface.scm)
... execute compile job (compile-file /private/tmp/mrr-clean-graph-sdk/lib/poo-flow/src/contract/json-schema-validate~1.scm)
... execute compile job (compile-file /private/tmp/mrr-clean-graph-sdk/lib/poo-flow/src/user-interface/module-runtime-presentation~0.scm)
... execute compile job (compile-file /private/tmp/mrr-clean-graph-sdk/lib/poo-flow/src/user-interface/module-runtime-presentation.scm)
... execute compile job (compile-file /private/tmp/mrr-clean-graph-sdk/lib/poo-flow/src/scenario/case~0.scm)
... execute compile job (compile-file /private/tmp/mrr-clean-graph-sdk/lib/poo-flow/src/scenario/case.scm)
... execute compile job (compile-file /private/tmp/mrr-clean-graph-sdk/lib/poo-flow/src/feature-system/bundle-v1-composition-writer~0.scm)
... execute compile job (compile-file /private/tmp/mrr-clean-graph-sdk/lib/poo-flow/src/feature-system/bundle-v1-composition-writer.scm)
... execute compile job (compile-file /private/tmp/mrr-clean-graph-sdk/lib/poo-flow/modules/tla-plus/interface.scm)
... execute compile job (compile-file /private/tmp/mrr-clean-graph-sdk/lib/poo-flow/src/core/policy~0.scm)
... execute compile job (compile-file /private/tmp/mrr-clean-graph-sdk/lib/poo-flow/src/core/policy.scm)
... execute compile job (compile-file /private/tmp/mrr-clean-graph-sdk/lib/poo-flow/src/core/runner-support/adapter-dispatch~0.scm)
... execute compile job (compile-file /private/tmp/mrr-clean-graph-sdk/lib/poo-flow/src/core/runner-support/adapter-dispatch.scm)
... execute compile job (compile-file /private/tmp/mrr-clean-graph-sdk/lib/poo-flow/src/core/policy~1.scm)
... execute compile job (compile-file /private/tmp/mrr-clean-graph-sdk/lib/poo-flow/src/core/runner-support/validation~0.scm)
... execute compile job (compile-file /private/tmp/mrr-clean-graph-sdk/lib/poo-flow/src/core/runner-support/validation.scm)
... execute compile job (compile-file /private/tmp/mrr-clean-graph-sdk/lib/poo-flow/modules/workflow/cicd-sandbox~0.scm)
... execute compile job (compile-file /private/tmp/mrr-clean-graph-sdk/lib/poo-flow/modules/workflow/cicd-sandbox.scm)
... execute compile job (compile-file /private/tmp/mrr-clean-graph-sdk/lib/poo-flow/src/feature-system/runtime-handoff-plan~0.scm)
... execute compile job (compile-file /private/tmp/mrr-clean-graph-sdk/lib/poo-flow/src/feature-system/runtime-handoff-plan.scm)
... execute compile job (compile-file /private/tmp/mrr-clean-graph-sdk/lib/poo-flow/modules/funflow/github-ci-contract~0.scm)
... execute compile job (compile-file /private/tmp/mrr-clean-graph-sdk/lib/poo-flow/modules/funflow/github-ci-contract.scm)
... execute compile job (compile-file /private/tmp/mrr-clean-graph-sdk/lib/poo-flow/src/feature-system/runtime-handoff-plan~1.scm)
... execute compile job (compile-file /private/tmp/mrr-clean-graph-sdk/lib/poo-flow/modules/search/funs~0.scm)
... execute compile job (compile-file /private/tmp/mrr-clean-graph-sdk/lib/poo-flow/modules/search/funs.scm)
... execute compile job (compile-file /private/tmp/mrr-clean-graph-sdk/lib/poo-flow/src/user-interface/doctor-presentation~0.scm)
... execute compile job (compile-file /private/tmp/mrr-clean-graph-sdk/lib/poo-flow/src/user-interface/doctor-presentation.scm)
... execute compile job (compile-file /private/tmp/mrr-clean-graph-sdk/lib/poo-flow/src/scenario/profile-root~0.scm)
... execute compile job (compile-file /private/tmp/mrr-clean-graph-sdk/lib/poo-flow/src/scenario/profile-root.scm)
... execute compile job (compile-file /private/tmp/mrr-clean-graph-sdk/lib/poo-flow/src/core/runner~0.scm)
... execute compile job (compile-file /private/tmp/mrr-clean-graph-sdk/lib/poo-flow/src/core/runner.scm)
... execute compile job (compile-file /private/tmp/mrr-clean-graph-sdk/lib/poo-flow/src/core/runner~1.scm)
... execute compile job (compile-file /private/tmp/mrr-clean-graph-sdk/lib/poo-flow/modules/workflow/cicd-runtime-support/checks~0.scm)
... execute compile job (compile-file /private/tmp/mrr-clean-graph-sdk/lib/poo-flow/modules/workflow/cicd-runtime-support/checks.scm)
... execute compile job (compile-file /private/tmp/mrr-clean-graph-sdk/lib/poo-flow/src/feature-system/bundle-v1-domain-case-projection~0.scm)
... execute compile job (compile-file /private/tmp/mrr-clean-graph-sdk/lib/poo-flow/src/feature-system/bundle-v1-domain-case-projection.scm)
... execute compile job (compile-file /private/tmp/mrr-clean-graph-sdk/lib/poo-flow/src/feature-system/bundle-v1-domain-case-projection~1.scm)
... execute compile job (compile-file /private/tmp/mrr-clean-graph-sdk/lib/poo-flow/modules/search/interface.scm)
... execute compile job (compile-file /private/tmp/mrr-clean-graph-sdk/lib/poo-flow/src/scenario/composition-syntax.scm)
... execute compile job (compile-file /private/tmp/mrr-clean-graph-sdk/lib/poo-flow/src/scenario/composition-syntax~1.scm)
... execute compile job (compile-file /private/tmp/mrr-clean-graph-sdk/lib/poo-flow/src/core/config~0.scm)
... execute compile job (compile-file /private/tmp/mrr-clean-graph-sdk/lib/poo-flow/src/core/config.scm)
... execute compile job (compile-file /private/tmp/mrr-clean-graph-sdk/lib/poo-flow/modules/workflow/cicd-runtime-support/marlin-abi~0.scm)
... execute compile job (compile-file /private/tmp/mrr-clean-graph-sdk/lib/poo-flow/modules/workflow/cicd-runtime-support/marlin-abi.scm)
... execute compile job (compile-file /private/tmp/mrr-clean-graph-sdk/lib/poo-flow/src/core/config~1.scm)
... execute compile job (compile-file /private/tmp/mrr-clean-graph-sdk/lib/poo-flow/modules/workflow/cicd-runtime-support/pipeline~0.scm)
... execute compile job (compile-file /private/tmp/mrr-clean-graph-sdk/lib/poo-flow/modules/workflow/cicd-runtime-support/pipeline.scm)
... execute compile job (compile-file /private/tmp/mrr-clean-graph-sdk/lib/poo-flow/src/feature-system/interface.scm)
... execute compile job (compile-file /private/tmp/mrr-clean-graph-sdk/lib/poo-flow/src/core/api.scm)
... execute compile job (compile-file /private/tmp/mrr-clean-graph-sdk/lib/poo-flow/modules/workflow/store~0.scm)
... execute compile job (compile-file /private/tmp/mrr-clean-graph-sdk/lib/poo-flow/modules/workflow/store.scm)
... execute compile job (compile-file /private/tmp/mrr-clean-graph-sdk/lib/poo-flow/modules/workflow/store~1.scm)
... execute compile job (compile-file /private/tmp/mrr-clean-graph-sdk/lib/poo-flow/modules/docker/funs~0.scm)
... execute compile job (compile-file /private/tmp/mrr-clean-graph-sdk/lib/poo-flow/modules/docker/funs.scm)
... execute compile job (compile-file /private/tmp/mrr-clean-graph-sdk/lib/poo-flow/modules/docker/funs~1.scm)
... execute compile job (compile-file /private/tmp/mrr-clean-graph-sdk/lib/poo-flow/src/user-interface/module-activation~0.scm)
... execute compile job (compile-file /private/tmp/mrr-clean-graph-sdk/lib/poo-flow/src/user-interface/module-activation.scm)
... execute compile job (compile-file /private/tmp/mrr-clean-graph-sdk/lib/poo-flow/modules/workflow/cicd-runtime.scm)
... execute compile job (compile-file /private/tmp/mrr-clean-graph-sdk/lib/poo-flow/modules/workflow/flows-builders~0.scm)
... execute compile job (compile-file /private/tmp/mrr-clean-graph-sdk/lib/poo-flow/modules/workflow/flows-builders.scm)
... execute compile job (compile-file /private/tmp/mrr-clean-graph-sdk/lib/poo-flow/src/user-interface/module-source-tree~0.scm)
... execute compile job (compile-file /private/tmp/mrr-clean-graph-sdk/lib/poo-flow/src/user-interface/module-source-tree.scm)
... execute compile job (compile-file /private/tmp/mrr-clean-graph-sdk/lib/poo-flow/modules/workflow/flows.scm)
... execute compile job (compile-file /private/tmp/mrr-clean-graph-sdk/lib/poo-flow/modules/workflow/funs.scm)
... execute compile job (compile-file /private/tmp/mrr-clean-graph-sdk/lib/poo-flow/modules/funflow/config-adapter~0.scm)
... execute compile job (compile-file /private/tmp/mrr-clean-graph-sdk/lib/poo-flow/modules/funflow/config-adapter.scm)
... execute compile job (compile-file /private/tmp/mrr-clean-graph-sdk/lib/poo-flow/modules/funflow/config~0.scm)
... execute compile job (compile-file /private/tmp/mrr-clean-graph-sdk/lib/poo-flow/modules/funflow/config.scm)
... execute compile job (compile-file /private/tmp/mrr-clean-graph-sdk/lib/poo-flow/modules/funflow/config~1.scm)
... execute compile job (compile-file /private/tmp/mrr-clean-graph-sdk/lib/poo-flow/modules/funflow/runtime-load-projection~0.scm)
... execute compile job (compile-file /private/tmp/mrr-clean-graph-sdk/lib/poo-flow/modules/funflow/runtime-load-projection.scm)
... execute compile job (compile-file /private/tmp/mrr-clean-graph-sdk/lib/poo-flow/modules/funflow/interface.scm)
666a1a00351366f5
... pulling
... build github.com/tao3k/gerbil-parser
... fetching github.com/tao3k/orgize
... checking out 16d2a8c3ac168d73b890262b29b756d4b4ec3361
... pulling
... fetching github.com/tao3k/gerbil-parser
... checking out a3fe7846a7b1c544897d6537142e5e203d4b05d3
... pulling
... fetching github.com/tao3k/poo-flow-core
... checking out e85fd45303b208b23e5957fd316e7004994109a4
... pulling
... fetching github.com/tao3k/gerbil-poo
... checking out 099b381588360a8a49fd772f666a1a00351366f5
... pulling
... fetching github.com/tao3k/asp-gerbil-scheme
... checking out v0.1.2.2
... fetching github.com/tao3k/gerbil-poo
... checking out 099b381588360a8a49fd772f666a1a00351366f5
... pulling
... build github.com/tao3k/orgize
... fetching github.com/tao3k/gerbil-ascent
... checking out 0176c061877ff364e0037ce56d7d085848a9ad60
... pulling
... fetching github.com/tao3k/poo-flow-core
... checking out e85fd45303b208b23e5957fd316e7004994109a4
... pulling
... fetching github.com/tao3k/gerbil-poo
... checking out 099b381588360a8a49fd772f666a1a00351366f5
... pulling
... fetching github.com/tao3k/asp-gerbil-scheme
... checking out v0.1.2.2
... fetching github.com/tao3k/gerbil-poo
... checking out 099b381588360a8a49fd772f666a1a00351366f5
... pulling
... build github.com/tao3k/gerbil-ascent
... build github.com/tao3k/poo-flow
... tagging packages
