   Compiling mrr-identity v0.1.0 (https://github.com/tao3k/meta-relational-reasoning.git?rev=b4dcd599320ba8324234b550cb7a3106801784fd#b4dcd599)
   Compiling mrr-gerbil-native-build v0.1.0 (https://github.com/tao3k/meta-relational-reasoning.git?rev=b4dcd599320ba8324234b550cb7a3106801784fd#b4dcd599)
   Compiling gerbil-scheme-sys v0.1.0 (https://github.com/tao3k/gerbil-scheme-rust.git?rev=6ccabe001f4f28af3e79de491e67c2ac9669b7cf#6ccabe00)
   Compiling mrr-data-profile v0.1.0 (https://github.com/tao3k/mrr-data.git?rev=d906415e1b3492fe140c7b3cb1e0f3b4b3421de6#d906415e)
   Compiling poo-temporal-physical-roundtrip v0.1.0 (/private/tmp/poo-pr34-failure-fix/bindings/rust-runtime/qualification/physical-roundtrip)
   Compiling mrr-gerbil v0.1.0 (https://github.com/tao3k/meta-relational-reasoning.git?rev=b4dcd599320ba8324234b550cb7a3106801784fd#b4dcd599)
   Compiling mrr-relation v0.1.0 (https://github.com/tao3k/meta-relational-reasoning.git?rev=b4dcd599320ba8324234b550cb7a3106801784fd#b4dcd599)
   Compiling mrr-revision v0.1.0 (https://github.com/tao3k/meta-relational-reasoning.git?rev=b4dcd599320ba8324234b550cb7a3106801784fd#b4dcd599)
   Compiling mrr-intent v0.1.0 (https://github.com/tao3k/meta-relational-reasoning.git?rev=b4dcd599320ba8324234b550cb7a3106801784fd#b4dcd599)
   Compiling mrr-query v0.1.0 (https://github.com/tao3k/meta-relational-reasoning.git?rev=b4dcd599320ba8324234b550cb7a3106801784fd#b4dcd599)
   Compiling mrr-transition v0.1.0 (https://github.com/tao3k/meta-relational-reasoning.git?rev=b4dcd599320ba8324234b550cb7a3106801784fd#b4dcd599)
   Compiling mrr-lineage v0.1.0 (https://github.com/tao3k/meta-relational-reasoning.git?rev=b4dcd599320ba8324234b550cb7a3106801784fd#b4dcd599)
   Compiling mrr-search v0.1.0 (https://github.com/tao3k/meta-relational-reasoning.git?rev=b4dcd599320ba8324234b550cb7a3106801784fd#b4dcd599)
   Compiling mrr-logic v0.1.0 (https://github.com/tao3k/meta-relational-reasoning.git?rev=b4dcd599320ba8324234b550cb7a3106801784fd#b4dcd599)
   Compiling mrr-bundle v0.1.0 (https://github.com/tao3k/meta-relational-reasoning.git?rev=b4dcd599320ba8324234b550cb7a3106801784fd#b4dcd599)
   Compiling mrr-ascent v0.1.0 (https://github.com/tao3k/meta-relational-reasoning.git?rev=b4dcd599320ba8324234b550cb7a3106801784fd#b4dcd599)
   Compiling meta-relational-reasoning v0.1.0 (https://github.com/tao3k/meta-relational-reasoning.git?rev=b4dcd599320ba8324234b550cb7a3106801784fd#b4dcd599)
   Compiling mrr-data-core v0.1.0 (https://github.com/tao3k/mrr-data.git?rev=d906415e1b3492fe140c7b3cb1e0f3b4b3421de6#d906415e)
   Compiling poo-flow-rust-runtime v0.1.0 (/private/tmp/poo-pr34-failure-fix/bindings/rust-runtime)
   Compiling mrr-data-content v0.1.0 (https://github.com/tao3k/mrr-data.git?rev=d906415e1b3492fe140c7b3cb1e0f3b4b3421de6#d906415e)
   Compiling mrr-data-datafusion v0.1.0 (https://github.com/tao3k/mrr-data.git?rev=d906415e1b3492fe140c7b3cb1e0f3b4b3421de6#d906415e)
warning: mrr-gerbil@0.1.0: [mrr-gerbil-native] phase=program-stage state=failed operation=stage compiler-owned Gerbil AOT program subject=meta-relational-reasoning/scheme/grammar/native-program elapsedMs=26676
error: failed to run custom build command for `mrr-gerbil v0.1.0 (https://github.com/tao3k/meta-relational-reasoning.git?rev=b4dcd599320ba8324234b550cb7a3106801784fd#b4dcd599)`

Caused by:
  process didn't exit successfully: `/private/tmp/mrr-data-temporal-target/debug/build/mrr-gerbil-9ad233c97c50644c/build-script-build` (exit status: 101)
  --- stdout
  cargo:rerun-if-changed=../../gerbil.pkg
  cargo:rerun-if-changed=../../scheme/grammar/gql-declaration.ss
  cargo:rerun-if-changed=../../scheme/grammar/parser-authority-receipt-declaration.ss
  cargo:rerun-if-changed=../../scheme/grammar/native.ss
  cargo:rerun-if-changed=../../scheme/grammar/native-program.ss
  cargo:rerun-if-changed=../../scheme/reasoning/declaration.ss
  cargo:rerun-if-changed=../../scheme/search/enhanced-tree-sitter-query-declaration.ss
  cargo:rerun-if-env-changed=GERBIL_PATH
  cargo:rerun-if-env-changed=GERBIL_LOADPATH
  cargo:rerun-if-env-changed=GERBIL_HOME
  cargo:rerun-if-env-changed=GAMBOPT
  cargo:rerun-if-env-changed=GERBIL_GSC
  cargo:rerun-if-env-changed=GERBIL_GXPKG
  cargo:rerun-if-env-changed=GERBIL_BUILD_VERBOSE
  cargo:rerun-if-changed=/Users/guangtao/.cargo/git/checkouts/meta-relational-reasoning-c54c795400fcde02/b4dcd59/scheme/grammar/native-program.ss
  cargo:warning=[mrr-gerbil-native] phase=program-stage state=failed operation=stage compiler-owned Gerbil AOT program subject=meta-relational-reasoning/scheme/grammar/native-program elapsedMs=26676

  --- stderr
  [mrr-gerbil-native] phase=program-stage state=start operation=stage compiler-owned Gerbil AOT program subject=meta-relational-reasoning/scheme/grammar/native-program

  thread 'main' (5457130) panicked at /Users/guangtao/.cargo/git/checkouts/meta-relational-reasoning-c54c795400fcde02/b4dcd59/build-support/mrr-gerbil-native-build/src/native_archive.rs:156:10:
  stage compiler-owned Gerbil AOT program: "stage compiler-owned Gerbil AOT program: exit status: 70; *** ERROR IN gxc#compile-executable-module/separate -- \n*** ERROR IN ?\n--- Syntax Error: cannot find static module\n--- Context: \n at (compile-exe /Users/guangtao/.cargo/git/checkouts/meta-relational-reasoning-c54c795400fcde02/b4dcd59/scheme/grammar/native-program.ss)\n... form:   meta-relational-reasoning/scheme/grammar/gql-profile\n... detail: \"meta-relational-reasoning__scheme__grammar__gql-profile.scm\"\n*** ERROR IN std/misc/process#run-process__% -- \n*** ERROR IN \"misc/process.ss\"@25.35-25.46 [ProcessError]: process exited with non-zero status\n--- irritants: \"gxi\" 17920 (path: \"gxi\" arguments: (\"-e\" \"(begin (import \\\"/Users/guangtao/.cargo/git/checkouts/gerbil-scheme-rust-305825897dbd3ba7/6ccabe0/build-support/gerbil-scheme-native-build/../../scheme/program-build.ss\\\") (gerbil-rs-stage-program \\\"/Users/guangtao/.cargo/git/checkouts/meta-relational-reasoning-c54c795400fcde02/b4dcd59/scheme/grammar/native-program.ss\\\" \\\"/private/tmp/mrr-data-temporal-target/debug/build/mrr-gerbil-4cc89bcf429a8b45/out/gerbil-program\\\"))\") environment: #f directory: #f stdin-redirection: #f stdout-redirection: #f stderr-redirection: #f pseudo-terminal: #f show-console: #f) \n--- continuation backtrace:\n[0] raise                                                                                                                                                                   \n[1] std/misc/process#run-process__%                                                                                                                                         \n"
  note: run with `RUST_BACKTRACE=1` environment variable to display a backtrace
warning: build failed, waiting for other jobs to finish...
