
running 1 test
test original_mrr_values_project_to_real_native_poo ... MRR source query binding reconstructed
Original Scheme v2 candidate and receipt verified
Transport tamper, scope, duplicate and empty controls rejected
NATIVE-PROGRESS artifact-bytes-hashed=1048576
NATIVE-PROGRESS artifact-bytes-hashed=2097152
NATIVE-PROGRESS artifact-bytes-hashed=3145728
NATIVE-PROGRESS artifact-bytes-hashed=4194304
NATIVE-PROGRESS artifact-bytes-hashed=5242880
NATIVE-PROGRESS artifact-bytes-hashed=6291456
NATIVE-PROGRESS artifact-bytes-hashed=7340032
NATIVE-PROGRESS artifact-bytes-hashed=8388608
NATIVE-PROGRESS artifact-bytes-hashed=9437184
NATIVE-PROGRESS artifact-bytes-hashed=10485760
NATIVE-PROGRESS artifact-bytes-hashed=11534336
NATIVE-PROGRESS artifact-bytes-hashed=12582912
NATIVE-PROGRESS artifact-bytes-hashed=13631488
NATIVE-PROGRESS artifact-bytes-hashed=14680064
NATIVE-PROGRESS artifact-bytes-hashed=15728640
NATIVE-PROGRESS artifact-bytes-hashed=16777216
NATIVE-PROGRESS artifact-bytes-hashed=17825792
NATIVE-PROGRESS artifact-bytes-hashed=18874368
NATIVE-PROGRESS artifact-bytes-hashed=19922944
NATIVE-PROGRESS artifact-bytes-hashed=20971520
NATIVE-PROGRESS artifact-digest-verified
NATIVE-PROGRESS native-library-loaded
NATIVE-PROGRESS native-owner-opened
Native Temporal classified original receipt as necessary
MRR-ORIGINAL-RECEIPT -> HOST-CORRESPONDENCE -> NATIVE-POO verified
ok

test result: ok. 1 passed; 0 failed; 0 ignored; 0 measured; 0 filtered out; finished in 14.02s

