HARNESS PARSE COMPLETE /private/tmp/poo-pr34-failure-fix/packages/python-testing/src/poo_flow_testing/__init__.py
HARNESS PARSE COMPLETE /private/tmp/poo-pr34-failure-fix/packages/python-testing/src/poo_flow_testing/__main__.py
HARNESS PARSE COMPLETE /private/tmp/poo-pr34-failure-fix/packages/python-testing/src/poo_flow_testing/ascent/__init__.py
HARNESS PARSE COMPLETE /private/tmp/poo-pr34-failure-fix/packages/python-testing/src/poo_flow_testing/ascent/candidate.py
HARNESS PARSE COMPLETE /private/tmp/poo-pr34-failure-fix/packages/python-testing/src/poo_flow_testing/ascent/live.py
HARNESS PARSE COMPLETE /private/tmp/poo-pr34-failure-fix/packages/python-testing/src/poo_flow_testing/catalog.py
HARNESS PARSE COMPLETE /private/tmp/poo-pr34-failure-fix/packages/python-testing/src/poo_flow_testing/checks/__init__.py
HARNESS PARSE COMPLETE /private/tmp/poo-pr34-failure-fix/packages/python-testing/src/poo_flow_testing/checks/ascent.py
HARNESS PARSE COMPLETE /private/tmp/poo-pr34-failure-fix/packages/python-testing/src/poo_flow_testing/checks/cross.py
HARNESS PARSE COMPLETE /private/tmp/poo-pr34-failure-fix/packages/python-testing/src/poo_flow_testing/checks/evidence.py
HARNESS PARSE COMPLETE /private/tmp/poo-pr34-failure-fix/packages/python-testing/src/poo_flow_testing/checks/model_study.py
HARNESS PARSE COMPLETE /private/tmp/poo-pr34-failure-fix/packages/python-testing/src/poo_flow_testing/checks/runtime.py
HARNESS PARSE COMPLETE /private/tmp/poo-pr34-failure-fix/packages/python-testing/src/poo_flow_testing/cli.py
HARNESS PARSE COMPLETE /private/tmp/poo-pr34-failure-fix/packages/python-testing/src/poo_flow_testing/model.py
HARNESS PARSE COMPLETE /private/tmp/poo-pr34-failure-fix/packages/python-testing/src/poo_flow_testing/model_study/__init__.py
HARNESS PARSE COMPLETE /private/tmp/poo-pr34-failure-fix/packages/python-testing/src/poo_flow_testing/model_study/__main__.py
HARNESS PARSE COMPLETE /private/tmp/poo-pr34-failure-fix/packages/python-testing/src/poo_flow_testing/model_study/archive.py
HARNESS PARSE COMPLETE /private/tmp/poo-pr34-failure-fix/packages/python-testing/src/poo_flow_testing/model_study/bench_repair.py
HARNESS PARSE COMPLETE /private/tmp/poo-pr34-failure-fix/packages/python-testing/src/poo_flow_testing/model_study/direct/__init__.py
HARNESS PARSE COMPLETE /private/tmp/poo-pr34-failure-fix/packages/python-testing/src/poo_flow_testing/model_study/direct/live.py
HARNESS PARSE COMPLETE /private/tmp/poo-pr34-failure-fix/packages/python-testing/src/poo_flow_testing/model_study/direct/native.py
HARNESS PARSE COMPLETE /private/tmp/poo-pr34-failure-fix/packages/python-testing/src/poo_flow_testing/model_study/direct/preview.py
HARNESS PARSE COMPLETE /private/tmp/poo-pr34-failure-fix/packages/python-testing/src/poo_flow_testing/model_study/direct/tasks.py
HARNESS PARSE COMPLETE /private/tmp/poo-pr34-failure-fix/packages/python-testing/src/poo_flow_testing/model_study/direct/worker.py
HARNESS PARSE COMPLETE /private/tmp/poo-pr34-failure-fix/packages/python-testing/src/poo_flow_testing/model_study/direct_understanding.py
HARNESS PARSE COMPLETE /private/tmp/poo-pr34-failure-fix/packages/python-testing/src/poo_flow_testing/model_study/fixtures.py
HARNESS PARSE COMPLETE /private/tmp/poo-pr34-failure-fix/packages/python-testing/src/poo_flow_testing/model_study/graph.py
HARNESS PARSE COMPLETE /private/tmp/poo-pr34-failure-fix/packages/python-testing/src/poo_flow_testing/model_study/paired.py
HARNESS PARSE COMPLETE /private/tmp/poo-pr34-failure-fix/packages/python-testing/src/poo_flow_testing/model_study/prediction_transport.py
HARNESS PARSE COMPLETE /private/tmp/poo-pr34-failure-fix/packages/python-testing/src/poo_flow_testing/model_study/protocol.py
HARNESS PARSE COMPLETE /private/tmp/poo-pr34-failure-fix/packages/python-testing/src/poo_flow_testing/model_study/repair.py
HARNESS PARSE COMPLETE /private/tmp/poo-pr34-failure-fix/packages/python-testing/src/poo_flow_testing/model_study/repair_native.py
HARNESS PARSE COMPLETE /private/tmp/poo-pr34-failure-fix/packages/python-testing/src/poo_flow_testing/model_study/repair_preview.py
HARNESS PARSE COMPLETE /private/tmp/poo-pr34-failure-fix/packages/python-testing/src/poo_flow_testing/model_study/reporting.py
HARNESS PARSE COMPLETE /private/tmp/poo-pr34-failure-fix/packages/python-testing/src/poo_flow_testing/model_study/runner.py
HARNESS PARSE COMPLETE /private/tmp/poo-pr34-failure-fix/packages/python-testing/src/poo_flow_testing/model_study/runtime_transport.py
HARNESS PARSE COMPLETE /private/tmp/poo-pr34-failure-fix/packages/python-testing/src/poo_flow_testing/model_study/schema.py
HARNESS PARSE COMPLETE /private/tmp/poo-pr34-failure-fix/packages/python-testing/src/poo_flow_testing/model_study/scheme.py
HARNESS PARSE COMPLETE /private/tmp/poo-pr34-failure-fix/packages/python-testing/src/poo_flow_testing/model_study/scheme_source/__init__.py
HARNESS PARSE COMPLETE /private/tmp/poo-pr34-failure-fix/packages/python-testing/src/poo_flow_testing/model_study/semantic_cases.py
HARNESS PARSE COMPLETE /private/tmp/poo-pr34-failure-fix/packages/python-testing/src/poo_flow_testing/model_study/semantic_config.py
HARNESS PARSE COMPLETE /private/tmp/poo-pr34-failure-fix/packages/python-testing/src/poo_flow_testing/model_study/semantic_provider.py
HARNESS PARSE COMPLETE /private/tmp/poo-pr34-failure-fix/packages/python-testing/src/poo_flow_testing/model_study/shared_repair.py
HARNESS PARSE COMPLETE /private/tmp/poo-pr34-failure-fix/packages/python-testing/src/poo_flow_testing/model_study/support.py
HARNESS PARSE COMPLETE /private/tmp/poo-pr34-failure-fix/packages/python-testing/src/poo_flow_testing/model_study/support_native.py
HARNESS PARSE COMPLETE /private/tmp/poo-pr34-failure-fix/packages/python-testing/src/poo_flow_testing/model_study/support_protocol.py
HARNESS PARSE COMPLETE /private/tmp/poo-pr34-failure-fix/packages/python-testing/src/poo_flow_testing/registry.py
HARNESS PARSE COMPLETE /private/tmp/poo-pr34-failure-fix/packages/python-testing/src/poo_flow_testing/temporal/__init__.py
HARNESS PARSE COMPLETE /private/tmp/poo-pr34-failure-fix/packages/python-testing/src/poo_flow_testing/temporal/authority.py
HARNESS PARSE COMPLETE /private/tmp/poo-pr34-failure-fix/packages/python-testing/src/poo_flow_testing/verification_progress.py
HARNESS PARSE COMPLETE /private/tmp/poo-pr34-failure-fix/packages/python-testing/tests/integration/test_native_cases.py
HARNESS PARSE COMPLETE /private/tmp/poo-pr34-failure-fix/packages/python-testing/tests/unit/test_direct_understanding.py
HARNESS PARSE COMPLETE /private/tmp/poo-pr34-failure-fix/packages/python-testing/tests/unit/test_model_study.py
HARNESS PARSE COMPLETE /private/tmp/poo-pr34-failure-fix/packages/python-testing/tests/unit/test_prediction_transport.py
HARNESS PARSE COMPLETE /private/tmp/poo-pr34-failure-fix/packages/python-testing/tests/unit/test_registry.py
HARNESS PARSE COMPLETE /private/tmp/poo-pr34-failure-fix/packages/python-testing/tests/unit/test_repair_study.py
HARNESS PARSE COMPLETE /private/tmp/poo-pr34-failure-fix/packages/python-testing/tests/unit/test_semantic_provider.py
HARNESS PARSE COMPLETE /private/tmp/poo-pr34-failure-fix/packages/python-testing/tests/unit/test_support_study.py
HARNESS PARSE COMPLETE /private/tmp/poo-pr34-failure-fix/packages/python-testing/tests/unit/test_unit_cases.py
.......
7 passed in 4.46s
