   Compiling proc-macro2 v1.0.107
   Compiling quote v1.0.47
   Compiling unicode-ident v1.0.26
   Compiling version_check v0.9.5
   Compiling cfg-if v1.0.5
   Compiling typenum v1.20.1
   Compiling libc v0.2.189
   Compiling serde_core v1.0.229
   Compiling serde v1.0.229
   Compiling zerocopy v0.8.59
   Compiling ciborium-io v0.2.2
   Compiling libloading v0.8.9
   Compiling generic-array v0.14.7
   Compiling syn v3.0.6
   Compiling syn v2.0.119
   Compiling cpufeatures v0.2.17
   Compiling block-buffer v0.10.4
   Compiling crypto-common v0.1.7
   Compiling digest v0.10.7
   Compiling sha2 v0.10.9
   Compiling serde_derive v1.0.229
   Compiling zerocopy-derive v0.8.59
   Compiling mrr-identity v0.1.0 (https://github.com/tao3k/meta-relational-reasoning.git?rev=d5beb4030bf875fa851cddc27789030c551154c3#d5beb403)
   Compiling mrr-relation v0.1.0 (https://github.com/tao3k/meta-relational-reasoning.git?rev=d5beb4030bf875fa851cddc27789030c551154c3#d5beb403)
   Compiling mrr-intent v0.1.0 (https://github.com/tao3k/meta-relational-reasoning.git?rev=d5beb4030bf875fa851cddc27789030c551154c3#d5beb403)
   Compiling mrr-revision v0.1.0 (https://github.com/tao3k/meta-relational-reasoning.git?rev=d5beb4030bf875fa851cddc27789030c551154c3#d5beb403)
   Compiling mrr-transition v0.1.0 (https://github.com/tao3k/meta-relational-reasoning.git?rev=d5beb4030bf875fa851cddc27789030c551154c3#d5beb403)
   Compiling mrr-lineage v0.1.0 (https://github.com/tao3k/meta-relational-reasoning.git?rev=d5beb4030bf875fa851cddc27789030c551154c3#d5beb403)
   Compiling mrr-search v0.1.0 (https://github.com/tao3k/meta-relational-reasoning.git?rev=d5beb4030bf875fa851cddc27789030c551154c3#d5beb403)
   Compiling half v2.7.1
   Compiling ciborium-ll v0.2.2
   Compiling ciborium v0.2.2
   Compiling mrr-query v0.1.0 (https://github.com/tao3k/meta-relational-reasoning.git?rev=d5beb4030bf875fa851cddc27789030c551154c3#d5beb403)
   Compiling mrr-logic v0.1.0 (https://github.com/tao3k/meta-relational-reasoning.git?rev=d5beb4030bf875fa851cddc27789030c551154c3#d5beb403)
   Compiling mrr-bundle v0.1.0 (https://github.com/tao3k/meta-relational-reasoning.git?rev=d5beb4030bf875fa851cddc27789030c551154c3#d5beb403)
   Compiling mrr-deduction v0.1.0 (https://github.com/tao3k/meta-relational-reasoning.git?rev=d5beb4030bf875fa851cddc27789030c551154c3#d5beb403)
   Compiling meta-relational-reasoning v0.1.0 (https://github.com/tao3k/meta-relational-reasoning.git?rev=d5beb4030bf875fa851cddc27789030c551154c3#d5beb403)
   Compiling poo-flow-rust-runtime v0.1.0 (/private/tmp/poo-pr34-failure-fix/bindings/rust-runtime)
    Finished `release` profile [optimized] target(s) in 2m 22s
  Executable tests/mrr.rs (/private/tmp/mrr-data-temporal-target/release/deps/mrr-e200c90aa56922f4)
