env -u SDKROOT -u DEVELOPER_DIR -u CPATH -u LIBRARY_PATH -u C_INCLUDE_PATH -u CPLUS_INCLUDE_PATH -u MACOSX_DEPLOYMENT_TARGET -u DYLD_LIBRARY_PATH -u DYLD_FALLBACK_LIBRARY_PATH COMPILER_PATH=/usr/bin CPATH='/opt/homebrew/opt/openssl@3/include' LIBRARY_PATH='/opt/homebrew/opt/openssl@3/lib' timeout --foreground --signal=TERM --kill-after=3s 60s gxi -:max-heap=1G,debug=q "/private/tmp/poo-direct-understanding-preview-v2-20261003/join-initial.ss"
IMPORT :gerbil-ascent/program/scheme-language
MODULE-OK :gerbil-ascent/program/scheme-language
((11 13))
HARNESS-OK direct-compute
OK
COMPUTE-OK join-initial
env -u SDKROOT -u DEVELOPER_DIR -u CPATH -u LIBRARY_PATH -u C_INCLUDE_PATH -u CPLUS_INCLUDE_PATH -u MACOSX_DEPLOYMENT_TARGET -u DYLD_LIBRARY_PATH -u DYLD_FALLBACK_LIBRARY_PATH COMPILER_PATH=/usr/bin CPATH='/opt/homebrew/opt/openssl@3/include' LIBRARY_PATH='/opt/homebrew/opt/openssl@3/lib' timeout --foreground --signal=TERM --kill-after=3s 60s gxi -:max-heap=1G,debug=q "/private/tmp/poo-direct-understanding-preview-v2-20261003/join-transfer.ss"
IMPORT :gerbil-ascent/program/scheme-language
MODULE-OK :gerbil-ascent/program/scheme-language
((41 43) (42 41) (42 44) (43 42))
HARNESS-OK direct-compute
OK
COMPUTE-OK join-transfer
env -u SDKROOT -u DEVELOPER_DIR -u CPATH -u LIBRARY_PATH -u C_INCLUDE_PATH -u CPLUS_INCLUDE_PATH -u MACOSX_DEPLOYMENT_TARGET -u DYLD_LIBRARY_PATH -u DYLD_FALLBACK_LIBRARY_PATH COMPILER_PATH=/usr/bin CPATH='/opt/homebrew/opt/openssl@3/include' LIBRARY_PATH='/opt/homebrew/opt/openssl@3/lib' timeout --foreground --signal=TERM --kill-after=3s 60s gxi -:max-heap=1G,debug=q "/private/tmp/poo-direct-understanding-preview-v2-20261003/closure-initial.ss"
IMPORT :gerbil-ascent/program/scheme-language
MODULE-OK :gerbil-ascent/program/scheme-language
((11 12) (11 13) (11 14) (12 13))
HARNESS-OK direct-compute
OK
COMPUTE-OK closure-initial
env -u SDKROOT -u DEVELOPER_DIR -u CPATH -u LIBRARY_PATH -u C_INCLUDE_PATH -u CPLUS_INCLUDE_PATH -u MACOSX_DEPLOYMENT_TARGET -u DYLD_LIBRARY_PATH -u DYLD_FALLBACK_LIBRARY_PATH COMPILER_PATH=/usr/bin CPATH='/opt/homebrew/opt/openssl@3/include' LIBRARY_PATH='/opt/homebrew/opt/openssl@3/lib' timeout --foreground --signal=TERM --kill-after=3s 60s gxi -:max-heap=1G,debug=q "/private/tmp/poo-direct-understanding-preview-v2-20261003/closure-transfer.ss"
IMPORT :gerbil-ascent/program/scheme-language
MODULE-OK :gerbil-ascent/program/scheme-language
((41 41) (41 42) (41 43) (41 44) (42 41) (42 42) (42 43) (42 44) (43 41) (43 42) (43 43) (43 44))
HARNESS-OK direct-compute
OK
COMPUTE-OK closure-transfer
env -u SDKROOT -u DEVELOPER_DIR -u CPATH -u LIBRARY_PATH -u C_INCLUDE_PATH -u CPLUS_INCLUDE_PATH -u MACOSX_DEPLOYMENT_TARGET -u DYLD_LIBRARY_PATH -u DYLD_FALLBACK_LIBRARY_PATH COMPILER_PATH=/usr/bin CPATH='/opt/homebrew/opt/openssl@3/include' LIBRARY_PATH='/opt/homebrew/opt/openssl@3/lib' timeout --foreground --signal=TERM --kill-after=3s 60s gxi -:max-heap=1G,debug=q "/private/tmp/poo-direct-understanding-preview-v2-20261003/negation-initial.ss"
IMPORT :gerbil-ascent/program/scheme-language
MODULE-OK :gerbil-ascent/program/scheme-language
((11 12) (11 14))
HARNESS-OK direct-compute
OK
COMPUTE-OK negation-initial
env -u SDKROOT -u DEVELOPER_DIR -u CPATH -u LIBRARY_PATH -u C_INCLUDE_PATH -u CPLUS_INCLUDE_PATH -u MACOSX_DEPLOYMENT_TARGET -u DYLD_LIBRARY_PATH -u DYLD_FALLBACK_LIBRARY_PATH COMPILER_PATH=/usr/bin CPATH='/opt/homebrew/opt/openssl@3/include' LIBRARY_PATH='/opt/homebrew/opt/openssl@3/lib' timeout --foreground --signal=TERM --kill-after=3s 60s gxi -:max-heap=1G,debug=q "/private/tmp/poo-direct-understanding-preview-v2-20261003/negation-transfer.ss"
IMPORT :gerbil-ascent/program/scheme-language
MODULE-OK :gerbil-ascent/program/scheme-language
((41 42) (43 41) (43 44))
HARNESS-OK direct-compute
OK
COMPUTE-OK negation-transfer
env -u SDKROOT -u DEVELOPER_DIR -u CPATH -u LIBRARY_PATH -u C_INCLUDE_PATH -u CPLUS_INCLUDE_PATH -u MACOSX_DEPLOYMENT_TARGET -u DYLD_LIBRARY_PATH -u DYLD_FALLBACK_LIBRARY_PATH COMPILER_PATH=/usr/bin CPATH='/opt/homebrew/opt/openssl@3/include' LIBRARY_PATH='/opt/homebrew/opt/openssl@3/lib' timeout --foreground --signal=TERM --kill-after=3s 60s gxi -:max-heap=1G,debug=q "/private/tmp/poo-direct-understanding-preview-v2-20261003/capture-initial.ss"
IMPORT :gerbil-ascent/program/scheme-language
MODULE-OK :gerbil-ascent/program/scheme-language
(1 ((gate11)))
HARNESS-OK direct-compute
OK
COMPUTE-OK capture-initial
env -u SDKROOT -u DEVELOPER_DIR -u CPATH -u LIBRARY_PATH -u C_INCLUDE_PATH -u CPLUS_INCLUDE_PATH -u MACOSX_DEPLOYMENT_TARGET -u DYLD_LIBRARY_PATH -u DYLD_FALLBACK_LIBRARY_PATH COMPILER_PATH=/usr/bin CPATH='/opt/homebrew/opt/openssl@3/include' LIBRARY_PATH='/opt/homebrew/opt/openssl@3/lib' timeout --foreground --signal=TERM --kill-after=3s 60s gxi -:max-heap=1G,debug=q "/private/tmp/poo-direct-understanding-preview-v2-20261003/capture-transfer.ss"
IMPORT :gerbil-ascent/program/scheme-language
MODULE-OK :gerbil-ascent/program/scheme-language
(1 ((gate41)))
HARNESS-OK direct-compute
OK
COMPUTE-OK capture-transfer
env -u SDKROOT -u DEVELOPER_DIR -u CPATH -u LIBRARY_PATH -u C_INCLUDE_PATH -u CPLUS_INCLUDE_PATH -u MACOSX_DEPLOYMENT_TARGET -u DYLD_LIBRARY_PATH -u DYLD_FALLBACK_LIBRARY_PATH COMPILER_PATH=/usr/bin CPATH='/opt/homebrew/opt/openssl@3/include' LIBRARY_PATH='/opt/homebrew/opt/openssl@3/lib' timeout --foreground --signal=TERM --kill-after=3s 60s gxi -:max-heap=1G,debug=q "/private/tmp/poo-direct-understanding-preview-v2-20261003/diagnostic-initial.ss"
IMPORT :gerbil-ascent/program/scheme-language
MODULE-OK :gerbil-ascent/program/scheme-language
(invalid-head (rule 0 head 0))
HARNESS-OK direct-compute
OK
COMPUTE-OK diagnostic-initial
env -u SDKROOT -u DEVELOPER_DIR -u CPATH -u LIBRARY_PATH -u C_INCLUDE_PATH -u CPLUS_INCLUDE_PATH -u MACOSX_DEPLOYMENT_TARGET -u DYLD_LIBRARY_PATH -u DYLD_FALLBACK_LIBRARY_PATH COMPILER_PATH=/usr/bin CPATH='/opt/homebrew/opt/openssl@3/include' LIBRARY_PATH='/opt/homebrew/opt/openssl@3/lib' timeout --foreground --signal=TERM --kill-after=3s 60s gxi -:max-heap=1G,debug=q "/private/tmp/poo-direct-understanding-preview-v2-20261003/diagnostic-transfer.ss"
IMPORT :gerbil-ascent/program/scheme-language
MODULE-OK :gerbil-ascent/program/scheme-language
(invalid-body (rule 0 body 1))
HARNESS-OK direct-compute
OK
COMPUTE-OK diagnostic-transfer
env -u SDKROOT -u DEVELOPER_DIR -u CPATH -u LIBRARY_PATH -u C_INCLUDE_PATH -u CPLUS_INCLUDE_PATH -u MACOSX_DEPLOYMENT_TARGET -u DYLD_LIBRARY_PATH -u DYLD_FALLBACK_LIBRARY_PATH COMPILER_PATH=/usr/bin CPATH='/opt/homebrew/opt/openssl@3/include' LIBRARY_PATH='/opt/homebrew/opt/openssl@3/lib' timeout --foreground --signal=TERM --kill-after=3s 60s gxi -:max-heap=1G,debug=q "/private/tmp/poo-direct-understanding-preview-v2-20261003/withdrawal-initial.ss"
IMPORT :gerbil-ascent/program/scheme-language
MODULE-OK :gerbil-ascent/program/scheme-language
(((11 12) (11 14)) ((11 12) (12 13)))
HARNESS-OK direct-compute
OK
COMPUTE-OK withdrawal-initial
env -u SDKROOT -u DEVELOPER_DIR -u CPATH -u LIBRARY_PATH -u C_INCLUDE_PATH -u CPLUS_INCLUDE_PATH -u MACOSX_DEPLOYMENT_TARGET -u DYLD_LIBRARY_PATH -u DYLD_FALLBACK_LIBRARY_PATH COMPILER_PATH=/usr/bin CPATH='/opt/homebrew/opt/openssl@3/include' LIBRARY_PATH='/opt/homebrew/opt/openssl@3/lib' timeout --foreground --signal=TERM --kill-after=3s 60s gxi -:max-heap=1G,debug=q "/private/tmp/poo-direct-understanding-preview-v2-20261003/withdrawal-transfer.ss"
IMPORT :gerbil-ascent/program/scheme-language
MODULE-OK :gerbil-ascent/program/scheme-language
(((41 42) (43 41) (43 44)) ((41 42) (42 43) (43 41)))
HARNESS-OK direct-compute
OK
COMPUTE-OK withdrawal-transfer
PREPARED 40c55c12cc1c02f77d47a4b02f01ef6d87224aeea86163431f35297dc3a3e54b native=12 modelCalls=0
