env -u SDKROOT -u DEVELOPER_DIR -u CPATH -u LIBRARY_PATH -u C_INCLUDE_PATH -u CPLUS_INCLUDE_PATH -u MACOSX_DEPLOYMENT_TARGET -u DYLD_LIBRARY_PATH -u DYLD_FALLBACK_LIBRARY_PATH COMPILER_PATH=/usr/bin CPATH='/opt/homebrew/opt/openssl@3/include' LIBRARY_PATH='/opt/homebrew/opt/openssl@3/lib' timeout --foreground --signal=TERM --kill-after=3s 60s gxi -:max-heap=1G,debug=q "/private/tmp/poo-direct-understanding-preview-20261003/join-initial.ss"
*** ERROR IN gx#core-expand-import%__% -- 
*** ERROR IN "../poo-direct-understanding-preview-20261003/join-initial.ss"@2.9-2.18
--- Syntax Error: cannot find library module
--- Context: 
 at expand
 at top
... form:   :std/sort
error: recipe `model-understanding-compute` failed on line 664 with exit code 70
Traceback (most recent call last):
  File "<frozen runpy>", line 198, in _run_module_as_main
  File "<frozen runpy>", line 88, in _run_code
  File "/private/tmp/poo-plan-audit-20261002/packages/python-testing/src/poo_flow_testing/model_study/direct_understanding.py", line 174, in <module>
    main()
    ~~~~^^
  File "/private/tmp/poo-plan-audit-20261002/packages/python-testing/src/poo_flow_testing/model_study/direct_understanding.py", line 170, in main
    prepare(args.poo_root.resolve(), args.ascent_root.resolve(), args.output.resolve())
    ~~~~~~~^^^^^^^^^^^^^^^^^^^^^^^^^^^^^^^^^^^^^^^^^^^^^^^^^^^^^^^^^^^^^^^^^^^^^^^^^^^^
  File "/private/tmp/poo-plan-audit-20261002/packages/python-testing/src/poo_flow_testing/model_study/direct_understanding.py", line 138, in prepare
    text = native_run(root, ['just', 'model-understanding-compute', str(task)], log)
  File "/private/tmp/poo-plan-audit-20261002/packages/python-testing/src/poo_flow_testing/model_study/direct_understanding.py", line 94, in native_run
    raise RuntimeError(f'native qualification failed: {log}')
RuntimeError: native qualification failed: /private/tmp/poo-direct-understanding-preview-20261003/join-initial.native.log
