env -u SDKROOT -u DEVELOPER_DIR -u CPATH -u LIBRARY_PATH -u C_INCLUDE_PATH -u CPLUS_INCLUDE_PATH -u MACOSX_DEPLOYMENT_TARGET -u DYLD_LIBRARY_PATH -u DYLD_FALLBACK_LIBRARY_PATH COMPILER_PATH=/usr/bin CPATH='/opt/homebrew/opt/openssl@3/include' LIBRARY_PATH='/opt/homebrew/opt/openssl@3/lib' timeout --foreground --signal=TERM --kill-after=3s 60s gxi -:max-heap=1G,debug=q t/model-study/direct-understanding/prediction-score.ss "/private/tmp/poo-direct-understanding-preview-20261003-b/private/join-initial.sexp" "/private/tmp/poo-direct-guard-b-correct/candidate.sexp"
MODULE-OK :std/encoding/json
{"correct":true,"witness":"#f","readable":true}
HARNESS-OK model-understanding-score
OK
GUARD-OK correct {'correct': True, 'witness': '#f', 'readable': True, 'candidateSha256': '3cb6e5043de4041933bfef4bf5b548f9135c36a505a8a09fb7cf9c6b649382ad', 'expectedSha256': '30699241c79653d9bd7f4979fb9783e116b72532640d0140dbc6f27b2ee6eef0'}
env -u SDKROOT -u DEVELOPER_DIR -u CPATH -u LIBRARY_PATH -u C_INCLUDE_PATH -u CPLUS_INCLUDE_PATH -u MACOSX_DEPLOYMENT_TARGET -u DYLD_LIBRARY_PATH -u DYLD_FALLBACK_LIBRARY_PATH COMPILER_PATH=/usr/bin CPATH='/opt/homebrew/opt/openssl@3/include' LIBRARY_PATH='/opt/homebrew/opt/openssl@3/lib' timeout --foreground --signal=TERM --kill-after=3s 60s gxi -:max-heap=1G,debug=q t/model-study/direct-understanding/prediction-score.ss "/private/tmp/poo-direct-understanding-preview-20261003-b/private/join-initial.sexp" "/private/tmp/poo-direct-guard-b-wrong/candidate.sexp"
MODULE-OK :std/encoding/json
{"correct":false,"witness":"((result) (missing (11 13)))","readable":true}
HARNESS-OK model-understanding-score
OK
GUARD-OK wrong {'correct': False, 'witness': '((result) (missing (11 13)))', 'readable': True, 'candidateSha256': '2e38e77b22c314a449e91fafed92a43826ac6aa403ae6a8acb6cf58239fbaf5d', 'expectedSha256': '30699241c79653d9bd7f4979fb9783e116b72532640d0140dbc6f27b2ee6eef0'}
env -u SDKROOT -u DEVELOPER_DIR -u CPATH -u LIBRARY_PATH -u C_INCLUDE_PATH -u CPLUS_INCLUDE_PATH -u MACOSX_DEPLOYMENT_TARGET -u DYLD_LIBRARY_PATH -u DYLD_FALLBACK_LIBRARY_PATH COMPILER_PATH=/usr/bin CPATH='/opt/homebrew/opt/openssl@3/include' LIBRARY_PATH='/opt/homebrew/opt/openssl@3/lib' timeout --foreground --signal=TERM --kill-after=3s 60s gxi -:max-heap=1G,debug=q t/model-study/direct-understanding/prediction-score.ss "/private/tmp/poo-direct-understanding-preview-20261003-b/private/join-initial.sexp" "/private/tmp/poo-direct-guard-b-malformed/candidate.sexp"
MODULE-OK :std/encoding/json
{"readable":false,"correct":false}
HARNESS-OK model-understanding-score
OK
GUARD-OK malformed {'readable': False, 'correct': False, 'candidateSha256': '9f54817e14d6652840d6a853281ab6b1ad89735e8c2ff09c1934dd3cb2592bab', 'expectedSha256': '30699241c79653d9bd7f4979fb9783e116b72532640d0140dbc6f27b2ee6eef0'}
env -u SDKROOT -u DEVELOPER_DIR -u CPATH -u LIBRARY_PATH -u C_INCLUDE_PATH -u CPLUS_INCLUDE_PATH -u MACOSX_DEPLOYMENT_TARGET -u DYLD_LIBRARY_PATH -u DYLD_FALLBACK_LIBRARY_PATH COMPILER_PATH=/usr/bin CPATH='/opt/homebrew/opt/openssl@3/include' LIBRARY_PATH='/opt/homebrew/opt/openssl@3/lib' timeout --foreground --signal=TERM --kill-after=3s 60s gxi -:max-heap=1G,debug=q t/model-study/direct-understanding/prediction-score.ss "/private/tmp/poo-direct-understanding-preview-20261003-b/private/join-initial.sexp" "/private/tmp/poo-direct-guard-b-multiple/candidate.sexp"
MODULE-OK :std/encoding/json
{"correct":false,"readable":false}
HARNESS-OK model-understanding-score
OK
GUARD-OK multiple {'correct': False, 'readable': False, 'candidateSha256': 'ef273203fe44267b7d5cb4d94e7532d0df5900d09f72feec91f6d9ec10c50242', 'expectedSha256': '30699241c79653d9bd7f4979fb9783e116b72532640d0140dbc6f27b2ee6eef0'}
